Component: ARM Compiler 5.06 update 7 (build 960) Tool: armlink [4d3601]

==============================================================================

Section Cross References

    startup_stm32f427xx.o(RESET) refers to startup_stm32f427xx.o(STACK) for __initial_sp
    startup_stm32f427xx.o(RESET) refers to startup_stm32f427xx.o(.text) for Reset_Handler
    startup_stm32f427xx.o(RESET) refers to stm32f4xx_it.o(i.NMI_Handler) for NMI_Handler
    startup_stm32f427xx.o(RESET) refers to stm32f4xx_it.o(i.HardFault_Handler) for HardFault_Handler
    startup_stm32f427xx.o(RESET) refers to stm32f4xx_it.o(i.MemManage_Handler) for MemManage_Handler
    startup_stm32f427xx.o(RESET) refers to stm32f4xx_it.o(i.BusFault_Handler) for BusFault_Handler
    startup_stm32f427xx.o(RESET) refers to stm32f4xx_it.o(i.UsageFault_Handler) for UsageFault_Handler
    startup_stm32f427xx.o(RESET) refers to port.o(.emb_text) for SVC_Handler
    startup_stm32f427xx.o(RESET) refers to stm32f4xx_it.o(i.DebugMon_Handler) for DebugMon_Handler
    startup_stm32f427xx.o(RESET) refers to cmsis_os2.o(i.SysTick_Handler) for SysTick_Handler
    startup_stm32f427xx.o(RESET) refers to stm32f4xx_it.o(i.RCC_IRQHandler) for RCC_IRQHandler
    startup_stm32f427xx.o(RESET) refers to stm32f4xx_it.o(i.DMA1_Stream0_IRQHandler) for DMA1_Stream0_IRQHandler
    startup_stm32f427xx.o(RESET) refers to stm32f4xx_it.o(i.DMA1_Stream6_IRQHandler) for DMA1_Stream6_IRQHandler
    startup_stm32f427xx.o(RESET) refers to stm32f4xx_it.o(i.CAN1_RX0_IRQHandler) for CAN1_RX0_IRQHandler
    startup_stm32f427xx.o(RESET) refers to stm32f4xx_it.o(i.TIM1_UP_TIM10_IRQHandler) for TIM1_UP_TIM10_IRQHandler
    startup_stm32f427xx.o(RESET) refers to stm32f4xx_it.o(i.TIM3_IRQHandler) for TIM3_IRQHandler
    startup_stm32f427xx.o(RESET) refers to stm32f4xx_it.o(i.TIM4_IRQHandler) for TIM4_IRQHandler
    startup_stm32f427xx.o(RESET) refers to stm32f4xx_it.o(i.TIM8_BRK_TIM12_IRQHandler) for TIM8_BRK_TIM12_IRQHandler
    startup_stm32f427xx.o(RESET) refers to stm32f4xx_it.o(i.TIM8_TRG_COM_TIM14_IRQHandler) for TIM8_TRG_COM_TIM14_IRQHandler
    startup_stm32f427xx.o(RESET) refers to stm32f4xx_it.o(i.CAN2_RX0_IRQHandler) for CAN2_RX0_IRQHandler
    startup_stm32f427xx.o(RESET) refers to stm32f4xx_it.o(i.UART7_IRQHandler) for UART7_IRQHandler
    startup_stm32f427xx.o(RESET) refers to stm32f4xx_it.o(i.UART8_IRQHandler) for UART8_IRQHandler
    startup_stm32f427xx.o(.text) refers to system_stm32f4xx.o(i.SystemInit) for SystemInit
    startup_stm32f427xx.o(.text) refers to entry.o(.ARM.Collect$$$$00000000) for __main
    main.o(i.HAL_TIM_PeriodElapsedCallback) refers to stm32f4xx_hal.o(i.HAL_IncTick) for HAL_IncTick
    main.o(i.HAL_TIM_PeriodElapsedCallback) refers to ybcar_pid.o(i.PID_Proc) for PID_Proc
    main.o(i.HAL_TIM_PeriodElapsedCallback) refers to ybcar_can.o(i.CAN_cmd_Frontend) for CAN_cmd_Frontend
    main.o(i.HAL_TIM_PeriodElapsedCallback) refers to ybcar_can.o(i.CAN_cmd_Backend) for CAN_cmd_Backend
    main.o(i.HAL_TIM_PeriodElapsedCallback) refers to rudderdesk.o(i.RD_Work) for RD_Work
    main.o(i.HAL_TIM_PeriodElapsedCallback) refers to main.o(.data) for CNT_TIM2_PID
    main.o(i.HAL_TIM_PeriodElapsedCallback) refers to variable.o(.data) for F1_Motordata
    main.o(i.HAL_TIM_PeriodElapsedCallback) refers to ybcar_pid.o(.bss) for F1_motor_pid
    main.o(i.SystemClock_Config) refers to memseta.o(.text) for __aeabi_memclr4
    main.o(i.SystemClock_Config) refers to stm32f4xx_hal_rcc.o(i.HAL_RCC_OscConfig) for HAL_RCC_OscConfig
    main.o(i.SystemClock_Config) refers to main.o(i.Error_Handler) for Error_Handler
    main.o(i.SystemClock_Config) refers to stm32f4xx_hal_rcc.o(i.HAL_RCC_ClockConfig) for HAL_RCC_ClockConfig
    main.o(i.fputc) refers to stm32f4xx_hal_uart.o(i.HAL_UART_Transmit) for HAL_UART_Transmit
    main.o(i.fputc) refers to usart.o(.bss) for huart7
    main.o(i.main) refers to stm32f4xx_hal.o(i.HAL_Init) for HAL_Init
    main.o(i.main) refers to main.o(i.SystemClock_Config) for SystemClock_Config
    main.o(i.main) refers to gpio.o(i.MX_GPIO_Init) for MX_GPIO_Init
    main.o(i.main) refers to dma.o(i.MX_DMA_Init) for MX_DMA_Init
    main.o(i.main) refers to tim.o(i.MX_TIM1_Init) for MX_TIM1_Init
    main.o(i.main) refers to can.o(i.MX_CAN1_Init) for MX_CAN1_Init
    main.o(i.main) refers to can.o(i.MX_CAN2_Init) for MX_CAN2_Init
    main.o(i.main) refers to tim.o(i.MX_TIM2_Init) for MX_TIM2_Init
    main.o(i.main) refers to tim.o(i.MX_TIM3_Init) for MX_TIM3_Init
    main.o(i.main) refers to tim.o(i.MX_TIM4_Init) for MX_TIM4_Init
    main.o(i.main) refers to usart.o(i.MX_UART8_Init) for MX_UART8_Init
    main.o(i.main) refers to usart.o(i.MX_UART7_Init) for MX_UART7_Init
    main.o(i.main) refers to usart.o(i.MX_USART6_UART_Init) for MX_USART6_UART_Init
    main.o(i.main) refers to tim.o(i.MX_TIM12_Init) for MX_TIM12_Init
    main.o(i.main) refers to cmsis_os2.o(i.osKernelInitialize) for osKernelInitialize
[...]
    Timer_TCB                                0x20001124   Data          92  cmsis_os2.o(.bss)
    Timer_Stack                              0x20001180   Data        1024  cmsis_os2.o(.bss)
    .bss                                     0x20001580   Section    15360  heap_4.o(.bss)
    ucHeap                                   0x20001580   Data       15360  heap_4.o(.bss)
    .bss                                     0x20005180   Section       20  variable.o(.bss)
    .bss                                     0x20005194   Section       22  joystick.o(.bss)
    .bss                                     0x200051ac   Section      432  ybcar_pid.o(.bss)
    .bss                                     0x2000535c   Section      108  ybcar_can.o(.bss)
    gimbal_tx_message                        0x20005398   Data          24  ybcar_can.o(.bss)
    chassis_tx_message                       0x200053b0   Data          24  ybcar_can.o(.bss)
    STACK                                    0x200053c8   Section     1024  startup_stm32f427xx.o(STACK)

    Global Symbols

    Symbol Name                              Value     Ov Type        Size  Object(Section)

    BuildAttributes$$THM_ISAv4$E$P$D$K$B$S$7EM$VFPi3$EXTD16$VFPS$VFMA$PE$A:L22UL41UL21$X:L11$S22US41US21$IEEE1$IW$USESV6$~STKCKD$USESV7$~SHL$OTIME$ROPI$EBA8$MICROLIB$REQ8$PRES8$EABIv2 0x00000000   Number         0  anon$$obj.o ABSOLUTE
    __ARM_use_no_argv                        0x00000000   Number         0  main.o ABSOLUTE
    _printf_a                                0x00000000   Number         0  stubs.o ABSOLUTE
    _printf_c                                0x00000000   Number         0  stubs.o ABSOLUTE
    _printf_charcount                        0x00000000   Number         0  stubs.o ABSOLUTE
    _printf_d                                0x00000000   Number         0  stubs.o ABSOLUTE
    _printf_e                                0x00000000   Number         0  stubs.o ABSOLUTE
    _printf_f                                0x00000000   Number         0  stubs.o ABSOLUTE
    _printf_flags                            0x00000000   Number         0  stubs.o ABSOLUTE
    _printf_fp_dec                           0x00000000   Number         0  stubs.o ABSOLUTE
    _printf_fp_hex                           0x00000000   Number         0  stubs.o ABSOLUTE
    _printf_g                                0x00000000   Number         0  stubs.o ABSOLUTE
    _printf_i                                0x00000000   Number         0  stubs.o ABSOLUTE
    _printf_int_dec                          0x00000000   Number         0  stubs.o ABSOLUTE
    _printf_l                                0x00000000   Number         0  stubs.o ABSOLUTE
    _printf_lc                               0x00000000   Number         0  stubs.o ABSOLUTE
    _printf_ll                               0x00000000   Number         0  stubs.o ABSOLUTE
    _printf_lld                              0x00000000   Number         0  stubs.o ABSOLUTE
    _printf_lli                              0x00000000   Number         0  stubs.o ABSOLUTE
    _printf_llo                              0x00000000   Number         0  stubs.o ABSOLUTE
    _printf_llu                              0x00000000   Number         0  stubs.o ABSOLUTE
    _printf_llx                              0x00000000   Number         0  stubs.o ABSOLUTE
    _printf_longlong_dec                     0x00000000   Number         0  stubs.o ABSOLUTE
    _printf_longlong_hex                     0x00000000   Number         0  stubs.o ABSOLUTE
    _printf_longlong_oct                     0x00000000   Number         0  stubs.o ABSOLUTE
    _printf_ls                               0x00000000   Number         0  stubs.o ABSOLUTE
    _printf_mbtowc                           0x00000000   Number         0  stubs.o ABSOLUTE
    _printf_n                                0x00000000   Number         0  stubs.o ABSOLUTE
    _printf_o                                0x00000000   Number         0  stubs.o ABSOLUTE
    _printf_p                                0x00000000   Number         0  stubs.o ABSOLUTE
    _printf_percent                          0x00000000   Number         0  stubs.o ABSOLUTE
    _printf_pre_padding                      0x00000000   Number         0  stubs.o ABSOLUTE
    _printf_return_value                     0x00000000   Number         0  stubs.o ABSOLUTE
    _printf_s                                0x00000000   Number         0  stubs.o ABSOLUTE
    _printf_sizespec                         0x00000000   Number         0  stubs.o ABSOLUTE
    _printf_str                              0x00000000   Number         0  stubs.o ABSOLUTE
    _printf_truncate_signed                  0x00000000   Number         0  stubs.o ABSOLUTE
    _printf_truncate_unsigned                0x00000000   Number         0  stubs.o ABSOLUTE
    _printf_u                                0x00000000   Number         0  stubs.o ABSOLUTE
    _printf_wc                               0x00000000   Number         0  stubs.o ABSOLUTE
    _printf_wctomb                           0x00000000   Number         0  stubs.o ABSOLUTE
    _printf_widthprec                        0x00000000   Number         0  stubs.o ABSOLUTE
    _printf_x                                0x00000000   Number         0  stubs.o ABSOLUTE
    __arm_fini_                               - Undefined Weak Reference
    __cpp_initialize__aeabi_                  - Undefined Weak Reference
    __cxa_finalize                            - Undefined Weak Reference
    __decompress                              - Undefined Weak Reference
    _clock_init                               - Undefined Weak Reference
    _microlib_exit                            - Undefined Weak Reference
    __Vectors_Size                           0x000001ac   Number         0  startup_stm32f427xx.o ABSOLUTE
    __Vectors                                0x08000000   Data           4  startup_stm32f427xx.o(RESET)
    __Vectors_End                            0x080001ac   Data           0  startup_stm32f427xx.o(RESET)
    __main                                   0x080001ad   Thumb Code     0  entry.o(.ARM.Collect$$$$00000000)
    _main_stk                                0x080001ad   Thumb Code     0  entry2.o(.ARM.Collect$$$$00000001)
    _main_scatterload                        0x080001b1   Thumb Code     0  entry5.o(.ARM.Collect$$$$00000004)
    __main_after_scatterload                 0x080001b5   Thumb Code     0  entry5.o(.ARM.Collect$$$$00000004)
    _main_clock                              0x080001b5   Thumb Code     0  entry7b.o(.ARM.Collect$$$$00000008)
    _main_cpp_init                           0x080001b5   Thumb Code     0  entry8b.o(.ARM.Collect$$$$0000000A)
    _main_init                               0x080001b5   Thumb Code     0  entry9a.o(.ARM.Collect$$$$0000000B)
    __rt_lib_shutdown_fini                   0x080001bd   Thumb Code     0  entry12b.o(.ARM.Collect$$$$0000000E)
    __rt_final_cpp                           0x080001c1   Thumb Code     0  entry10a.o(.ARM.Collect$$$$0000000F)
    __rt_final_exit                          0x080001c1   Thumb Code     0  entry11a.o(.ARM.Collect$$$$00000011)
    SVC_Handler                              0x080001c5   Thumb Code    28  port.o(.emb_text)
    __asm___6_port_c_39a90d8d__prvStartFirstTask 0x080001e5   Thumb Code    36  port.o(.emb_text)
    __asm___6_port_c_39a90d8d__prvEnableVFP  0x0800020d   Thumb Code    16  port.o(.emb_text)
    PendSV_Handler                           0x08000221   Thumb Code    88  port.o(.emb_text)
    vPortGetIPSR                             0x0800027d   Thumb Code     6  port.o(.emb_text)
    Reset_Handler                            0x08000285   Thumb Code     8  startup_stm32f427xx.o(.text)
    ADC_IRQHandler                           0x0800029f   Thumb Code     0  startup_stm32f427xx.o(.text)
    CAN1_RX1_IRQHandler                      0x0800029f   Thumb Code     0  startup_stm32f427xx.o(.text)
    CAN1_SCE_IRQHandler                      0x0800029f   Thumb Code     0  startup_stm32f427xx.o(.text)
    CAN1_TX_IRQHandler                       0x0800029f   Thumb Code     0  startup_stm32f427xx.o(.text)
    CAN2_RX1_IRQHandler                      0x0800029f   Thumb Code     0  startup_stm32f427xx.o(.text)
    CAN2_SCE_IRQHandler                      0x0800029f   Thumb Code     0  startup_stm32f427xx.o(.text)
    CAN2_TX_IRQHandler                       0x0800029f   Thumb Code     0  startup_stm32f427xx.o(.text)
    DCMI_IRQHandler                          0x0800029f   Thumb Code     0  startup_stm32f427xx.o(.text)
    DMA1_Stream1_IRQHandler                  0x0800029f   Thumb Code     0  startup_stm32f427xx.o(.text)
    DMA1_Stream2_IRQHandler                  0x0800029f   Thumb Code     0  startup_stm32f427xx.o(.text)
    DMA1_Stream3_IRQHandler                  0x0800029f   Thumb Code     0  startup_stm32f427xx.o(.text)
    DMA1_Stream4_IRQHandler                  0x0800029f   Thumb Code     0  startup_stm32f427xx.o(.text)
    DMA1_Stream5_IRQHandler                  0x0800029f   Thumb Code     0  startup_stm32f427xx.o(.text)
    DMA1_Stream7_IRQHandler                  0x0800029f   Thumb Code     0  startup_stm32f427xx.o(.text)
    DMA2D_IRQHandler                         0x0800029f   Thumb Code     0  startup_stm32f427xx.o(.text)
    DMA2_Stream0_IRQHandler                  0x0800029f   Thumb Code     0  startup_stm32f427xx.o(.text)
    DMA2_Stream1_IRQHandler                  0x0800029f   Thumb Code     0  startup_stm32f427xx.o(.text)
    DMA2_Stream2_IRQHandler                  0x0800029f   Thumb Code     0  startup_stm32f427xx.o(.text)
    DMA2_Stream3_IRQHandler                  0x0800029f   Thumb Code     0  startup_stm32f427xx.o(.text)
    DMA2_Stream4_IRQHandler                  0x0800029f   Thumb Code     0  startup_stm32f427xx.o(.text)
    DMA2_Stream5_IRQHandler                  0x0800029f   Thumb Code     0  startup_stm32f427xx.o(.text)
    DMA2_Stream6_IRQHandler                  0x0800029f   Thumb Code     0  startup_stm32f427xx.o(.text)
    DMA2_Stream7_IRQHandler                  0x0800029f   Thumb Code     0  startup_stm32f427xx.o(.text)
    ETH_IRQHandler                           0x0800029f   Thumb Code     0  startup_stm32f427xx.o(.text)
    ETH_WKUP_IRQHandler                      0x0800029f   Thumb Code     0  startup_stm32f427xx.o(.text)
    EXTI0_IRQHandler                         0x0800029f   Thumb Code     0  startup_stm32f427xx.o(.text)
    EXTI15_10_IRQHandler                     0x0800029f   Thumb Code     0  startup_stm32f427xx.o(.text)
    EXTI1_IRQHandler                         0x0800029f   Thumb Code     0  startup_stm32f427xx.o(.text)
    EXTI2_IRQHandler                         0x0800029f   Thumb Code     0  startup_stm32f427xx.o(.text)
    EXTI3_IRQHandler                         0x0800029f   Thumb Code     0  startup_stm32f427xx.o(.text)
    EXTI4_IRQHandler                         0x0800029f   Thumb Code     0  startup_stm32f427xx.o(.text)
    EXTI9_5_IRQHandler                       0x0800029f   Thumb Code     0  startup_stm32f427xx.o(.text)
    FLASH_IRQHandler                         0x0800029f   Thumb Code     0  startup_stm32f427xx.o(.text)
    FMC_IRQHandler                           0x0800029f   Thumb Code     0  startup_stm32f427xx.o(.text)
    FPU_IRQHandler                           0x0800029f   Thumb Code     0  startup_stm32f427xx.o(.text)
    HASH_RNG_IRQHandler                      0x0800029f   Thumb Code     0  startup_stm32f427xx.o(.text)
    I2C1_ER_IRQHandler                       0x0800029f   Thumb Code     0  startup_stm32f427xx.o(.text)
    I2C1_EV_IRQHandler                       0x0800029f   Thumb Code     0  startup_stm32f427xx.o(.text)
    I2C2_ER_IRQHandler                       0x0800029f   Thumb Code     0  startup_stm32f427xx.o(.text)
    I2C2_EV_IRQHandler                       0x0800029f   Thumb Code     0  startup_stm32f427xx.o(.text)
    I2C3_ER_IRQHandler                       0x0800029f   Thumb Code     0  startup_stm32f427xx.o(.text)
    I2C3_EV_IRQHandler                       0x0800029f   Thumb Code     0  startup_stm32f427xx.o(.text)
    OTG_FS_IRQHandler                        0x0800029f   Thumb Code     0  startup_stm32f427xx.o(.text)
    OTG_FS_WKUP_IRQHandler                   0x0800029f   Thumb Code     0  startup_stm32f427xx.o(.text)
    OTG_HS_EP1_IN_IRQHandler                 0x0800029f   Thumb Code     0  startup_stm32f427xx.o(.text)
    OTG_HS_EP1_OUT_IRQHandler                0x0800029f   Thumb Code     0  startup_stm32f427xx.o(.text)
    OTG_HS_IRQHandler                        0x0800029f   Thumb Code     0  startup_stm32f427xx.o(.text)
    OTG_HS_WKUP_IRQHandler                   0x0800029f   Thumb Code     0  startup_stm32f427xx.o(.text)
    PVD_IRQHandler                           0x0800029f   Thumb Code     0  startup_stm32f427xx.o(.text)
    RTC_Alarm_IRQHandler                     0x0800029f   Thumb Code     0  startup_stm32f427xx.o(.text)
    RTC_WKUP_IRQHandler                      0x0800029f   Thumb Code     0  startup_stm32f427xx.o(.text)
    SAI1_IRQHandler                          0x0800029f   Thumb Code     0  startup_stm32f427xx.o(.text)
    SDIO_IRQHandler                          0x0800029f   Thumb Code     0  startup_stm32f427xx.o(.text)
    SPI1_IRQHandler                          0x0800029f   Thumb Code     0  startup_stm32f427xx.o(.text)
    SPI2_IRQHandler                          0x0800029f   Thumb Code     0  startup_stm32f427xx.o(.text)
    SPI3_IRQHandler                          0x0800029f   Thumb Code     0  startup_stm32f427xx.o(.text)
    SPI4_IRQHandler                          0x0800029f   Thumb Code     0  startup_stm32f427xx.o(.text)
    SPI5_IRQHandler                          0x0800029f   Thumb Code     0  startup_stm32f427xx.o(.text)
    SPI6_IRQHandler                          0x0800029f   Thumb Code     0  startup_stm32f427xx.o(.text)
    TAMP_STAMP_IRQHandler                    0x0800029f   Thumb Code     0  startup_stm32f427xx.o(.text)
    TIM1_BRK_TIM9_IRQHandler                 0x0800029f   Thumb Code     0  startup_stm32f427xx.o(.text)
    TIM1_CC_IRQHandler                       0x0800029f   Thumb Code     0  startup_stm32f427xx.o(.text)
    TIM1_TRG_COM_TIM11_IRQHandler            0x0800029f   Thumb Code     0  startup_stm32f427xx.o(.text)
    TIM2_IRQHandler                          0x0800029f   Thumb Code     0  startup_stm32f427xx.o(.text)
    TIM5_IRQHandler                          0x0800029f   Thumb Code     0  startup_stm32f427xx.o(.text)
    TIM6_DAC_IRQHandler                      0x0800029f   Thumb Code     0  startup_stm32f427xx.o(.text)
    TIM7_IRQHandler                          0x0800029f   Thumb Code     0  startup_stm32f427xx.o(.text)
    TIM8_CC_IRQHandler                       0x0800029f   Thumb Code     0  startup_stm32f427xx.o(.text)
    TIM8_UP_TIM13_IRQHandler                 0x0800029f   Thumb Code     0  startup_stm32f427xx.o(.text)
    UART4_IRQHandler                         0x0800029f   Thumb Code     0  startup_stm32f427xx.o(.text)
    UART5_IRQHandler                         0x0800029f   Thumb Code     0  startup_stm32f427xx.o(.text)
    USART1_IRQHandler                        0x0800029f   Thumb Code     0  startup_stm32f427xx.o(.text)
    USART2_IRQHandler                        0x0800029f   Thumb Code     0  startup_stm32f427xx.o(.text)
    USART3_IRQHandler                        0x0800029f   Thumb Code     0  startup_stm32f427xx.o(.text)
    USART6_IRQHandler                        0x0800029f   Thumb Code     0  startup_stm32f427xx.o(.text)
    WWDG_IRQHandler                          0x0800029f   Thumb Code     0  startup_stm32f427xx.o(.text)
    __aeabi_uldivmod                         0x080002a9   Thumb Code    98  uldiv.o(.text)
    __aeabi_memcpy                           0x0800030b   Thumb Code    36  memcpya.o(.text)
    __aeabi_memcpy4                          0x0800030b   Thumb Code     0  memcpya.o(.text)
    __aeabi_memcpy8                          0x0800030b   Thumb Code     0  memcpya.o(.text)
    __aeabi_memset                           0x0800032f   Thumb Code    14  memseta.o(.text)
    __aeabi_memset4                          0x0800032f   Thumb Code     0  memseta.o(.text)
    __aeabi_memset8                          0x0800032f   Thumb Code     0  memseta.o(.text)
    __aeabi_memclr                           0x0800033d   Thumb Code     4  memseta.o(.text)
    __aeabi_memclr4                          0x0800033d   Thumb Code     0  memseta.o(.text)
    __aeabi_memclr8                          0x0800033d   Thumb Code     0  memseta.o(.text)
    memset                                   0x08000341   Thumb Code    18  memseta.o(.text)
    __aeabi_ddiv                             0x08000353   Thumb Code   222  ddiv.o(.text)
    __aeabi_i2d                              0x08000431   Thumb Code    34  dflti.o(.text)
    __aeabi_d2f                              0x08000453   Thumb Code    56  d2f.o(.text)
    __aeabi_uidiv                            0x0800048b   Thumb Code     0  uidiv.o(.text)
    __aeabi_uidivmod                         0x0800048b   Thumb Code    44  uidiv.o(.text)
    __aeabi_llsl                             0x080004b7   Thumb Code    30  llshl.o(.text)
    _ll_shift_l                              0x080004b7   Thumb Code     0  llshl.o(.text)
    __aeabi_llsr                             0x080004d5   Thumb Code    32  llushr.o(.text)
    _ll_ushift_r                             0x080004d5   Thumb Code     0  llushr.o(.text)
    __I$use$fp                               0x080004f5   Thumb Code     0  iusefp.o(.text)
    _float_round                             0x080004f5   Thumb Code    18  fepilogue.o(.text)
    _float_epilogue                          0x08000507   Thumb Code    92  fepilogue.o(.text)
    _double_round                            0x08000563   Thumb Code    30  depilogue.o(.text)
    _double_epilogue                         0x08000581   Thumb Code   156  depilogue.o(.text)
    __scatterload                            0x0800061d   Thumb Code    28  init.o(.text)
    __scatterload_rt2                        0x0800061d   Thumb Code     0  init.o(.text)
    BusFault_Handler                         0x08000641   Thumb Code     4  stm32f4xx_it.o(i.BusFault_Handler)
    CAN1_RX0_IRQHandler                      0x08000645   Thumb Code    10  stm32f4xx_it.o(i.CAN1_RX0_IRQHandler)
    CAN2_RX0_IRQHandler                      0x08000655   Thumb Code    10  stm32f4xx_it.o(i.CAN2_RX0_IRQHandler)
    CAN_cmd_Backend                          0x08000665   Thumb Code    68  ybcar_can.o(i.CAN_cmd_Backend)
    CAN_cmd_Frontend                         0x080006b5   Thumb Code    72  ybcar_can.o(i.CAN_cmd_Frontend)
    Can_filter_Init                          0x08000709   Thumb Code    84  ybcar_can.o(i.Can_filter_Init)
    Car_Init_Task                            0x08000765   Thumb Code    58  freertos.o(i.Car_Init_Task)
    DMA1_Stream0_IRQHandler                  0x080007bd   Thumb Code    10  stm32f4xx_it.o(i.DMA1_Stream0_IRQHandler)
    DMA1_Stream6_IRQHandler                  0x080007cd   Thumb Code    10  stm32f4xx_it.o(i.DMA1_Stream6_IRQHandler)
    DebugMon_Handler                         0x080008e7   Thumb Code     2  stm32f4xx_it.o(i.DebugMon_Handler)
    Demo_Work                                0x080008e9   Thumb Code   232  joystick.o(i.Demo_Work)
    Error_Handler                            0x080009f1   Thumb Code     6  main.o(i.Error_Handler)
    FSUS_CalcChecksum                        0x080009f7   Thumb Code    50  fashion_star_uart_servo.o(i.FSUS_CalcChecksum)
    FSUS_Package2RingBuffer                  0x08000a29   Thumb Code    58  fashion_star_uart_servo.o(i.FSUS_Package2RingBuffer)
    FSUS_QueryServoAngle                     0x08000a65   Thumb Code   116  fashion_star_uart_servo.o(i.FSUS_QueryServoAngle)
    FSUS_QueryServoAngleMTurn                0x08000ae1   Thumb Code   130  fashion_star_uart_servo.o(i.FSUS_QueryServoAngleMTurn)
    FSUS_RecvPackage                         0x08000b6d   Thumb Code   312  fashion_star_uart_servo.o(i.FSUS_RecvPackage)
    FSUS_SendPackage                         0x08000ca5   Thumb Code    62  fashion_star_uart_servo.o(i.FSUS_SendPackage)
    FSUS_SetServoAngle                       0x08000ce5   Thumb Code   182  fashion_star_uart_servo.o(i.FSUS_SetServoAngle)
    FSUS_Wait                                0x08000da5   Thumb Code   106  fashion_star_uart_servo.o(i.FSUS_Wait)
    FashionStar_Work                         0x08000e11   Thumb Code   174  joystick.o(i.FashionStar_Work)
    Free_Task                                0x08000ec9   Thumb Code    40  freertos.o(i.Free_Task)
    Get_motor_measure_point                  0x08000f05   Thumb Code    18  ybcar_can.o(i.Get_motor_measure_point)
    HAL_CAN_ActivateNotification             0x08000f1d   Thumb Code    42  stm32f4xx_hal_can.o(i.HAL_CAN_ActivateNotification)
    HAL_CAN_AddTxMessage                     0x08000f47   Thumb Code   330  stm32f4xx_hal_can.o(i.HAL_CAN_AddTxMessage)
    HAL_CAN_ConfigFilter                     0x08001091   Thumb Code   286  stm32f4xx_hal_can.o(i.HAL_CAN_ConfigFilter)
    HAL_CAN_ErrorCallback                    0x080011b5   Thumb Code     2  stm32f4xx_hal_can.o(i.HAL_CAN_ErrorCallback)
    HAL_CAN_GetRxMessage                     0x080011b7   Thumb Code   404  stm32f4xx_hal_can.o(i.HAL_CAN_GetRxMessage)
    HAL_CAN_IRQHandler                       0x0800134b   Thumb Code   590  stm32f4xx_hal_can.o(i.HAL_CAN_IRQHandler)
    HAL_CAN_Init                             0x08001599   Thumb Code   372  stm32f4xx_hal_can.o(i.HAL_CAN_Init)
    HAL_CAN_MspInit                          0x0800170d   Thumb Code   328  can.o(i.HAL_CAN_MspInit)
    HAL_CAN_RxFifo0FullCallback              0x0800186d   Thumb Code     2  stm32f4xx_hal_can.o(i.HAL_CAN_RxFifo0FullCallback)
    HAL_CAN_RxFifo0MsgPendingCallback        0x08001871   Thumb Code   216  ybcar_can.o(i.HAL_CAN_RxFifo0MsgPendingCallback)
    HAL_CAN_RxFifo1FullCallback              0x08001955   Thumb Code     2  stm32f4xx_hal_can.o(i.HAL_CAN_RxFifo1FullCallback)
    HAL_CAN_RxFifo1MsgPendingCallback        0x08001957   Thumb Code     2  stm32f4xx_hal_can.o(i.HAL_CAN_RxFifo1MsgPendingCallback)
    HAL_CAN_SleepCallback                    0x08001959   Thumb Code     2  stm32f4xx_hal_can.o(i.HAL_CAN_SleepCallback)
    HAL_CAN_Start                            0x0800195b   Thumb Code    94  stm32f4xx_hal_can.o(i.HAL_CAN_Start)
    HAL_CAN_TxMailbox0AbortCallback          0x080019b9   Thumb Code     2  stm32f4xx_hal_can.o(i.HAL_CAN_TxMailbox0AbortCallback)
    HAL_CAN_TxMailbox0CompleteCallback       0x080019bb   Thumb Code     2  stm32f4xx_hal_can.o(i.HAL_CAN_TxMailbox0CompleteCallback)
    HAL_CAN_TxMailbox1AbortCallback          0x080019bd   Thumb Code     2  stm32f4xx_hal_can.o(i.HAL_CAN_TxMailbox1AbortCallback)
    HAL_CAN_TxMailbox1CompleteCallback       0x080019bf   Thumb Code     2  stm32f4xx_hal_can.o(i.HAL_CAN_TxMailbox1CompleteCallback)
    HAL_CAN_TxMailbox2AbortCallback          0x080019c1   Thumb Code     2  stm32f4xx_hal_can.o(i.HAL_CAN_TxMailbox2AbortCallback)
    HAL_CAN_TxMailbox2CompleteCallback       0x080019c3   Thumb Code     2  stm32f4xx_hal_can.o(i.HAL_CAN_TxMailbox2CompleteCallback)
    HAL_CAN_WakeUpFromRxMsgCallback          0x080019c5   Thumb Code     2  stm32f4xx_hal_can.o(i.HAL_CAN_WakeUpFromRxMsgCallback)
    HAL_DMA_Abort                            0x080019c7   Thumb Code   172  stm32f4xx_hal_dma.o(i.HAL_DMA_Abort)
    HAL_DMA_Abort_IT                         0x08001a73   Thumb Code    40  stm32f4xx_hal_dma.o(i.HAL_DMA_Abort_IT)
    HAL_DMA_IRQHandler                       0x08001a9d   Thumb Code   570  stm32f4xx_hal_dma.o(i.HAL_DMA_IRQHandler)
    HAL_DMA_Init                             0x08001cdd   Thumb Code   232  stm32f4xx_hal_dma.o(i.HAL_DMA_Init)
    HAL_DMA_Start_IT                         0x08001dc9   Thumb Code   146  stm32f4xx_hal_dma.o(i.HAL_DMA_Start_IT)
    HAL_GPIO_Init                            0x08001e5d   Thumb Code   474  stm32f4xx_hal_gpio.o(i.HAL_GPIO_Init)
    HAL_GPIO_WritePin                        0x0800206d   Thumb Code    12  stm32f4xx_hal_gpio.o(i.HAL_GPIO_WritePin)
    HAL_GetTick                              0x08002079   Thumb Code     6  stm32f4xx_hal.o(i.HAL_GetTick)
    HAL_IncTick                              0x08002085   Thumb Code    16  stm32f4xx_hal.o(i.HAL_IncTick)
    HAL_Init                                 0x0800209d   Thumb Code    54  stm32f4xx_hal.o(i.HAL_Init)
    HAL_InitTick                             0x080020d9   Thumb Code   160  stm32f4xx_hal_timebase_tim.o(i.HAL_InitTick)
    HAL_MspInit                              0x0800218d   Thumb Code    94  stm32f4xx_hal_msp.o(i.HAL_MspInit)
    HAL_NVIC_EnableIRQ                       0x080021f1   Thumb Code    40  stm32f4xx_hal_cortex.o(i.HAL_NVIC_EnableIRQ)
    HAL_NVIC_SetPriority                     0x08002219   Thumb Code   124  stm32f4xx_hal_cortex.o(i.HAL_NVIC_SetPriority)
    HAL_NVIC_SetPriorityGrouping             0x08002295   Thumb Code    32  stm32f4xx_hal_cortex.o(i.HAL_NVIC_SetPriorityGrouping)
    HAL_RCC_ClockConfig                      0x080022bd   Thumb Code   368  stm32f4xx_hal_rcc.o(i.HAL_RCC_ClockConfig)
    HAL_RCC_GetClockConfig                   0x08002441   Thumb Code    58  stm32f4xx_hal_rcc.o(i.HAL_RCC_GetClockConfig)
    HAL_RCC_GetHCLKFreq                      0x08002485   Thumb Code     6  stm32f4xx_hal_rcc.o(i.HAL_RCC_GetHCLKFreq)
    HAL_RCC_GetPCLK1Freq                     0x08002491   Thumb Code    22  stm32f4xx_hal_rcc.o(i.HAL_RCC_GetPCLK1Freq)
    HAL_RCC_GetPCLK2Freq                     0x080024b1   Thumb Code    22  stm32f4xx_hal_rcc.o(i.HAL_RCC_GetPCLK2Freq)
    HAL_RCC_GetSysClockFreq                  0x080024d1   Thumb Code   162  stm32f4xx_hal_rcc.o(i.HAL_RCC_GetSysClockFreq)
    HAL_RCC_OscConfig                        0x08002581   Thumb Code  1172  stm32f4xx_hal_rcc.o(i.HAL_RCC_OscConfig)
    HAL_TIMEx_BreakCallback                  0x08002a1d   Thumb Code     2  stm32f4xx_hal_tim_ex.o(i.HAL_TIMEx_BreakCallback)
    HAL_TIMEx_CommutCallback                 0x08002a1f   Thumb Code     2  stm32f4xx_hal_tim_ex.o(i.HAL_TIMEx_CommutCallback)
    HAL_TIMEx_MasterConfigSynchronization    0x08002a21   Thumb Code   150  stm32f4xx_hal_tim_ex.o(i.HAL_TIMEx_MasterConfigSynchronization)
    HAL_TIM_Base_Init                        0x08002ad5   Thumb Code   102  stm32f4xx_hal_tim.o(i.HAL_TIM_Base_Init)
    HAL_TIM_Base_MspInit                     0x08002b3d   Thumb Code   186  tim.o(i.HAL_TIM_Base_MspInit)
    HAL_TIM_Base_Start_IT                    0x08002c09   Thumb Code   138  stm32f4xx_hal_tim.o(i.HAL_TIM_Base_Start_IT)
    HAL_TIM_Base_Stop_IT                     0x08002cb1   Thumb Code    62  stm32f4xx_hal_tim.o(i.HAL_TIM_Base_Stop_IT)
    HAL_TIM_ConfigClockSource                0x08002cef   Thumb Code   268  stm32f4xx_hal_tim.o(i.HAL_TIM_ConfigClockSource)
    HAL_TIM_IC_CaptureCallback               0x08002dfb   Thumb Code     2  stm32f4xx_hal_tim.o(i.HAL_TIM_IC_CaptureCallback)
    HAL_TIM_IRQHandler                       0x08002dfd   Thumb Code   364  stm32f4xx_hal_tim.o(i.HAL_TIM_IRQHandler)
    HAL_TIM_MspPostInit                      0x08002f69   Thumb Code   154  tim.o(i.HAL_TIM_MspPostInit)
    HAL_TIM_OC_DelayElapsedCallback          0x08003015   Thumb Code     2  stm32f4xx_hal_tim.o(i.HAL_TIM_OC_DelayElapsedCallback)
    HAL_TIM_PWM_ConfigChannel                0x08003017   Thumb Code   260  stm32f4xx_hal_tim.o(i.HAL_TIM_PWM_ConfigChannel)
    HAL_TIM_PWM_Init                         0x0800311b   Thumb Code   102  stm32f4xx_hal_tim.o(i.HAL_TIM_PWM_Init)
    HAL_TIM_PWM_MspInit                      0x08003181   Thumb Code   102  tim.o(i.HAL_TIM_PWM_MspInit)
    HAL_TIM_PWM_PulseFinishedCallback        0x080031f1   Thumb Code     2  stm32f4xx_hal_tim.o(i.HAL_TIM_PWM_PulseFinishedCallback)
    HAL_TIM_PWM_Start                        0x080031f5   Thumb Code   238  stm32f4xx_hal_tim.o(i.HAL_TIM_PWM_Start)
    HAL_TIM_PeriodElapsedCallback            0x08003301   Thumb Code   392  main.o(i.HAL_TIM_PeriodElapsedCallback)
    HAL_TIM_TriggerCallback                  0x080034f9   Thumb Code     2  stm32f4xx_hal_tim.o(i.HAL_TIM_TriggerCallback)
    HAL_UARTEx_ReceiveToIdle_DMA             0x080034fb   Thumb Code   114  stm32f4xx_hal_uart.o(i.HAL_UARTEx_ReceiveToIdle_DMA)
    HAL_UARTEx_RxEventCallback               0x0800356d   Thumb Code     2  stm32f4xx_hal_uart.o(i.HAL_UARTEx_RxEventCallback)
    HAL_UART_ErrorCallback                   0x0800356f   Thumb Code     2  stm32f4xx_hal_uart.o(i.HAL_UART_ErrorCallback)
    HAL_UART_IRQHandler                      0x08003571   Thumb Code   740  stm32f4xx_hal_uart.o(i.HAL_UART_IRQHandler)
    HAL_UART_Init                            0x08003859   Thumb Code   118  stm32f4xx_hal_uart.o(i.HAL_UART_Init)
    HAL_UART_MspInit                         0x080038d1   Thumb Code   540  usart.o(i.HAL_UART_MspInit)
    HAL_UART_RxCpltCallback                  0x08003b11   Thumb Code     2  stm32f4xx_hal_uart.o(i.HAL_UART_RxCpltCallback)
    HAL_UART_RxHalfCpltCallback              0x08003b13   Thumb Code     2  stm32f4xx_hal_uart.o(i.HAL_UART_RxHalfCpltCallback)
    HAL_UART_Transmit                        0x08003b15   Thumb Code   190  stm32f4xx_hal_uart.o(i.HAL_UART_Transmit)
    HAL_UART_Transmit_IT                     0x08003bd3   Thumb Code    56  stm32f4xx_hal_uart.o(i.HAL_UART_Transmit_IT)
    HAL_UART_TxCpltCallback                  0x08003c0b   Thumb Code     2  stm32f4xx_hal_uart.o(i.HAL_UART_TxCpltCallback)
    Handoff_Front_Back_Model                 0x08003c0d   Thumb Code    30  rudderdesk.o(i.Handoff_Front_Back_Model)
    Handoff_Left_Avertence_Model             0x08003c45   Thumb Code    30  rudderdesk.o(i.Handoff_Left_Avertence_Model)
    Handoff_Left_CircleAround_Model          0x08003c7d   Thumb Code    46  rudderdesk.o(i.Handoff_Left_CircleAround_Model)
    Handoff_Little_Left_HandBend             0x08003cc5   Thumb Code    42  rudderdesk.o(i.Handoff_Little_Left_HandBend)
    Handoff_Little_Right_HandBend            0x08003d09   Thumb Code    42  rudderdesk.o(i.Handoff_Little_Right_HandBend)
    Handoff_Right_Avertence_Model            0x08003d4d   Thumb Code    30  rudderdesk.o(i.Handoff_Right_Avertence_Model)
    Handoff_Right_Left_Model                 0x08003d85   Thumb Code    30  rudderdesk.o(i.Handoff_Right_Left_Model)
    Handoff_Sharp_Left_HandBend              0x08003dbd   Thumb Code    38  rudderdesk.o(i.Handoff_Sharp_Left_HandBend)
    Handoff_Sharp_Right_HandBend             0x08003dfd   Thumb Code    38  rudderdesk.o(i.Handoff_Sharp_Right_HandBend)
    HardFault_Handler                        0x08003e3d   Thumb Code     4  stm32f4xx_it.o(i.HardFault_Handler)
    MX_CAN1_Init                             0x08003e41   Thumb Code    58  can.o(i.MX_CAN1_Init)
    MX_CAN2_Init                             0x08003e85   Thumb Code    58  can.o(i.MX_CAN2_Init)
    MX_DMA_Init                              0x08003ec9   Thumb Code    68  dma.o(i.MX_DMA_Init)
    MX_FREERTOS_Init                         0x08003f11   Thumb Code    32  freertos.o(i.MX_FREERTOS_Init)
    MX_GPIO_Init                             0x08003f49   Thumb Code   352  gpio.o(i.MX_GPIO_Init)
    MX_TIM12_Init                            0x080040bd   Thumb Code    72  tim.o(i.MX_TIM12_Init)
    MX_TIM1_Init                             0x0800410d   Thumb Code   102  tim.o(i.MX_TIM1_Init)
    MX_TIM2_Init                             0x0800417d   Thumb Code   152  tim.o(i.MX_TIM2_Init)
    MX_TIM3_Init                             0x08004219   Thumb Code   100  tim.o(i.MX_TIM3_Init)
    MX_TIM4_Init                             0x08004285   Thumb Code   150  tim.o(i.MX_TIM4_Init)
    MX_UART7_Init                            0x08004325   Thumb Code    46  usart.o(i.MX_UART7_Init)
    MX_UART8_Init                            0x0800435d   Thumb Code    46  usart.o(i.MX_UART8_Init)
    MX_USART6_UART_Init                      0x08004395   Thumb Code    86  usart.o(i.MX_USART6_UART_Init)
    MemManage_Handler                        0x08004409   Thumb Code     4  stm32f4xx_it.o(i.MemManage_Handler)
    Motor_Init                               0x0800440d   Thumb Code   216  ybcar_can.o(i.Motor_Init)
    NMI_Handler                              0x08004525   Thumb Code     4  stm32f4xx_it.o(i.NMI_Handler)
    PID_Init                                 0x08004529   Thumb Code    96  ybcar_pid.o(i.PID_Init)
    PID_Proc                                 0x0800458d   Thumb Code   492  ybcar_pid.o(i.PID_Proc)
    PS2_DataKey                              0x0800477d   Thumb Code   120  joystick.o(i.PS2_DataKey)
    PS2_Start                                0x080047fd   Thumb Code   866  joystick.o(i.PS2_Start)
    RCC_IRQHandler                           0x08004bc5   Thumb Code     2  stm32f4xx_it.o(i.RCC_IRQHandler)
    RD_Work                                  0x08004bc9   Thumb Code   342  rudderdesk.o(i.RD_Work)
    RingBuffer_GetByteFree                   0x08004d25   Thumb Code    24  ring_buffer.o(i.RingBuffer_GetByteFree)
    RingBuffer_GetByteUsed                   0x08004d3d   Thumb Code    42  ring_buffer.o(i.RingBuffer_GetByteUsed)
    RingBuffer_GetCapacity                   0x08004d67   Thumb Code    10  ring_buffer.o(i.RingBuffer_GetCapacity)
    RingBuffer_GetChecksum                   0x08004d71   Thumb Code    40  ring_buffer.o(i.RingBuffer_GetChecksum)
    RingBuffer_GetValueByIndex               0x08004d99   Thumb Code    44  ring_buffer.o(i.RingBuffer_GetValueByIndex)
    RingBuffer_Init                          0x08004dc5   Thumb Code    38  ring_buffer.o(i.RingBuffer_Init)
    RingBuffer_IsEmpty                       0x08004deb   Thumb Code    30  ring_buffer.o(i.RingBuffer_IsEmpty)
    RingBuffer_IsFull                        0x08004e09   Thumb Code    20  ring_buffer.o(i.RingBuffer_IsFull)
    RingBuffer_Pop                           0x08004e1d   Thumb Code    50  ring_buffer.o(i.RingBuffer_Pop)
    RingBuffer_Push                          0x08004e4f   Thumb Code    44  ring_buffer.o(i.RingBuffer_Push)
    RingBuffer_ReadByte                      0x08004e7b   Thumb Code    12  ring_buffer.o(i.RingBuffer_ReadByte)
    RingBuffer_WriteByte                     0x08004e87   Thumb Code    16  ring_buffer.o(i.RingBuffer_WriteByte)
    RingBuffer_WriteByteArray                0x08004e97   Thumb Code    30  ring_buffer.o(i.RingBuffer_WriteByteArray)
    RingBuffer_WriteShort                    0x08004eb5   Thumb Code    18  ring_buffer.o(i.RingBuffer_WriteShort)
    RingBuffer_WriteUShort                   0x08004ec7   Thumb Code    18  ring_buffer.o(i.RingBuffer_WriteUShort)
    RudderDesk_On                            0x08004ed9   Thumb Code    58  rudderdesk.o(i.RudderDesk_On)
    RudderDesk_ResetOn                       0x08004f21   Thumb Code    36  rudderdesk.o(i.RudderDesk_ResetOn)
    SysTick_Handler                          0x08004f5d   Thumb Code    22  cmsis_os2.o(i.SysTick_Handler)
    SystemClock_Config                       0x08004f75   Thumb Code   170  main.o(i.SystemClock_Config)
    SystemInit                               0x08005029   Thumb Code    14  system_stm32f4xx.o(i.SystemInit)
    TIM1_UP_TIM10_IRQHandler                 0x0800503d   Thumb Code    10  stm32f4xx_it.o(i.TIM1_UP_TIM10_IRQHandler)
    TIM3_IRQHandler                          0x0800504d   Thumb Code    10  stm32f4xx_it.o(i.TIM3_IRQHandler)
    TIM4_IRQHandler                          0x0800505d   Thumb Code    10  stm32f4xx_it.o(i.TIM4_IRQHandler)
    TIM8_BRK_TIM12_IRQHandler                0x0800506d   Thumb Code    10  stm32f4xx_it.o(i.TIM8_BRK_TIM12_IRQHandler)
    TIM8_TRG_COM_TIM14_IRQHandler            0x0800507d   Thumb Code    10  stm32f4xx_it.o(i.TIM8_TRG_COM_TIM14_IRQHandler)
    TIM_Base_SetConfig                       0x0800508d   Thumb Code   186  stm32f4xx_hal_tim.o(i.TIM_Base_SetConfig)
    TIM_CCxChannelCmd                        0x08005175   Thumb Code    34  stm32f4xx_hal_tim.o(i.TIM_CCxChannelCmd)
    TIM_ETR_SetConfig                        0x08005197   Thumb Code    22  stm32f4xx_hal_tim.o(i.TIM_ETR_SetConfig)
    TIM_OC2_SetConfig                        0x08005231   Thumb Code   114  stm32f4xx_hal_tim.o(i.TIM_OC2_SetConfig)
    Tick_CountdownBegin                      0x080053c9   Thumb Code    16  tick.o(i.Tick_CountdownBegin)
    Tick_CountdownCancel                     0x080053e1   Thumb Code    16  tick.o(i.Tick_CountdownCancel)
    Tick_CountdownIsTimeout                  0x080053f9   Thumb Code    14  tick.o(i.Tick_CountdownIsTimeout)
    Tick_DelayMs                             0x0800540d   Thumb Code    14  tick.o(i.Tick_DelayMs)
    Tick_Wait                                0x08005421   Thumb Code    26  tick.o(i.Tick_Wait)
    UART7_IRQHandler                         0x08005445   Thumb Code    10  stm32f4xx_it.o(i.UART7_IRQHandler)
    UART8_IRQHandler                         0x08005455   Thumb Code    10  stm32f4xx_it.o(i.UART8_IRQHandler)
    UART_Start_Receive_DMA                   0x0800597d   Thumb Code   186  stm32f4xx_hal_uart.o(i.UART_Start_Receive_DMA)
    UsageFault_Handler                       0x08005b31   Thumb Code     4  stm32f4xx_it.o(i.UsageFault_Handler)
    Usart_SendAll                            0x08005b35   Thumb Code    40  usart.o(i.Usart_SendAll)
    Wheel_Velocity_Change                    0x08005b5d   Thumb Code   194  joystick.o(i.Wheel_Velocity_Change)
    __0printf$1                              0x08005c45   Thumb Code    22  printf1.o(i.__0printf$1)
    __1printf$1                              0x08005c45   Thumb Code     0  printf1.o(i.__0printf$1)
    __2printf                                0x08005c45   Thumb Code     0  printf1.o(i.__0printf$1)
    __scatterload_copy                       0x08005ca3   Thumb Code    14  handlers.o(i.__scatterload_copy)
    __scatterload_null                       0x08005cb1   Thumb Code     2  handlers.o(i.__scatterload_null)
    __scatterload_zeroinit                   0x08005cb3   Thumb Code    14  handlers.o(i.__scatterload_zeroinit)
    fputc                                    0x08005e15   Thumb Code    22  main.o(i.fputc)
    main                                     0x08005e31   Thumb Code    72  main.o(i.main)
    osDelay                                  0x08005e79   Thumb Code    30  cmsis_os2.o(i.osDelay)
    osKernelInitialize                       0x08005e99   Thumb Code    38  cmsis_os2.o(i.osKernelInitialize)
    osKernelStart                            0x08005ec5   Thumb Code    82  cmsis_os2.o(i.osKernelStart)
    osThreadNew                              0x08005f25   Thumb Code   184  cmsis_os2.o(i.osThreadNew)
    pvPortMalloc                             0x08006a01   Thumb Code   306  heap_4.o(i.pvPortMalloc)
    pxPortInitialiseStack                    0x08006b4d   Thumb Code    38  port.o(i.pxPortInitialiseStack)
    uxListRemove                             0x08006b79   Thumb Code    40  list.o(i.uxListRemove)
    uxTaskGetNumberOfTasks                   0x08006ba1   Thumb Code     6  tasks.o(i.uxTaskGetNumberOfTasks)
    vApplicationGetIdleTaskMemory            0x08006bad   Thumb Code    14  cmsis_os2.o(i.vApplicationGetIdleTaskMemory)
    vApplicationGetTimerTaskMemory           0x08006bc5   Thumb Code    16  cmsis_os2.o(i.vApplicationGetTimerTaskMemory)
    vListInitialise                          0x08006bdd   Thumb Code    26  list.o(i.vListInitialise)
    vListInitialiseItem                      0x08006bf7   Thumb Code     6  list.o(i.vListInitialiseItem)
    vListInsert                              0x08006bfd   Thumb Code    52  list.o(i.vListInsert)
    vListInsertEnd                           0x08006c31   Thumb Code    24  list.o(i.vListInsertEnd)
    vPortEnterCritical                       0x08006c49   Thumb Code    76  port.o(i.vPortEnterCritical)
    vPortExitCritical                        0x08006c9d   Thumb Code    56  port.o(i.vPortExitCritical)
    vPortFree                                0x08006cd9   Thumb Code   150  heap_4.o(i.vPortFree)
    vPortSetupTimerInterrupt                 0x08006d7d   Thumb Code    36  port.o(i.vPortSetupTimerInterrupt)
    vPortValidateInterruptPriority           0x08006da5   Thumb Code   106  port.o(i.vPortValidateInterruptPriority)
    vQueueAddToRegistry                      0x08006e1d   Thumb Code    38  queue.o(i.vQueueAddToRegistry)
    vQueueWaitForMessageRestricted           0x08006e49   Thumb Code    74  queue.o(i.vQueueWaitForMessageRestricted)
    vTaskDelay                               0x08006e95   Thumb Code    82  tasks.o(i.vTaskDelay)
    vTaskDelete                              0x08006ef1   Thumb Code   168  tasks.o(i.vTaskDelete)
    vTaskInternalSetTimeOutState             0x08006fb9   Thumb Code    14  tasks.o(i.vTaskInternalSetTimeOutState)
    vTaskMissedYield                         0x08006fd1   Thumb Code     8  tasks.o(i.vTaskMissedYield)
    vTaskPlaceOnEventList                    0x08006fdd   Thumb Code    52  tasks.o(i.vTaskPlaceOnEventList)
    vTaskPlaceOnEventListRestricted          0x08007015   Thumb Code    60  tasks.o(i.vTaskPlaceOnEventListRestricted)
    vTaskStartScheduler                      0x08007055   Thumb Code   156  tasks.o(i.vTaskStartScheduler)
    vTaskSuspendAll                          0x0800710d   Thumb Code    12  tasks.o(i.vTaskSuspendAll)
    vTaskSwitchContext                       0x0800711d   Thumb Code   122  tasks.o(i.vTaskSwitchContext)
    xPortStartScheduler                      0x080071ad   Thumb Code   330  port.o(i.xPortStartScheduler)
    xPortSysTickHandler                      0x08007315   Thumb Code    46  port.o(i.xPortSysTickHandler)
    xQueueGenericCreateStatic                0x08007349   Thumb Code   224  queue.o(i.xQueueGenericCreateStatic)
    xQueueGenericReset                       0x08007429   Thumb Code   146  queue.o(i.xQueueGenericReset)
    xQueueGenericSend                        0x080074c1   Thumb Code   420  queue.o(i.xQueueGenericSend)
    xQueueGenericSendFromISR                 0x08007669   Thumb Code   252  queue.o(i.xQueueGenericSendFromISR)
    xQueueReceive                            0x08007765   Thumb Code   356  queue.o(i.xQueueReceive)
    xTaskCheckForTimeOut                     0x080078cd   Thumb Code   132  tasks.o(i.xTaskCheckForTimeOut)
    xTaskCreate                              0x08007959   Thumb Code   100  tasks.o(i.xTaskCreate)
    xTaskCreateStatic                        0x080079bd   Thumb Code   186  tasks.o(i.xTaskCreateStatic)
    xTaskGetSchedulerState                   0x08007a79   Thumb Code    24  tasks.o(i.xTaskGetSchedulerState)
    xTaskGetTickCount                        0x08007a99   Thumb Code     6  tasks.o(i.xTaskGetTickCount)
    xTaskIncrementTick                       0x08007aa5   Thumb Code   280  tasks.o(i.xTaskIncrementTick)
    xTaskPriorityDisinherit                  0x08007be9   Thumb Code   152  tasks.o(i.xTaskPriorityDisinherit)
    xTaskRemoveFromEventList                 0x08007c8d   Thumb Code   126  tasks.o(i.xTaskRemoveFromEventList)
    xTaskResumeAll                           0x08007d25   Thumb Code   222  tasks.o(i.xTaskResumeAll)
    xTimerCreateTimerTask                    0x08007e29   Thumb Code   100  timers.o(i.xTimerCreateTimerTask)
    xTimerGenericCommand                     0x08007ea1   Thumb Code   128  timers.o(i.xTimerGenericCommand)
    CarInitTask_attributes                   0x08007f24   Data          36  freertos.o(.constdata)
    FreeTask_attributes                      0x08007f48   Data          36  freertos.o(.constdata)
    AHBPrescTable                            0x08007f74   Data          16  system_stm32f4xx.o(.constdata)
    APBPrescTable                            0x08007f84   Data           8  system_stm32f4xx.o(.constdata)
    PID                                      0x08007f8c   Data          12  ybcar_can.o(.constdata)
    Region$$Table$$Base                      0x08007fb0   Number         0  anon$$obj.o(Region$$Table)
    Region$$Table$$Limit                     0x08007fd0   Number         0  anon$$obj.o(Region$$Table)
    CNT_TIM2_PID                             0x20000000   Data           4  main.o(.data)
    CarInitTaskHandle                        0x20000004   Data           4  freertos.o(.data)
    FreeTaskHandle                           0x20000008   Data           4  freertos.o(.data)
    servoUsart                               0x20000010   Data           4  usart.o(.data)
    uwTick                                   0x20000014   Data           4  stm32f4xx_hal.o(.data)
    uwTickPrio                               0x20000018   Data           4  stm32f4xx_hal.o(.data)
    uwTickFreq                               0x2000001c   Data           1  stm32f4xx_hal.o(.data)
    SystemCoreClock                          0x20000020   Data           4  system_stm32f4xx.o(.data)
    pxCurrentTCB                             0x20000024   Data           4  tasks.o(.data)
    TickCnt                                  0x200000a4   Data           4  tick.o(.data)
    RD_F1_Data                               0x200000a8   Data           2  variable.o(.data)
    RD_F2_Data                               0x200000aa   Data           2  variable.o(.data)
    RD_M1_Data                               0x200000ac   Data           2  variable.o(.data)
    RD_M2_Data                               0x200000ae   Data           2  variable.o(.data)
    RD_B1_Data                               0x200000b0   Data           2  variable.o(.data)
    RD_B2_Data                               0x200000b2   Data           2  variable.o(.data)
    Setspeed_F1                              0x200000b4   Data           4  variable.o(.data)
    Setspeed_F2                              0x200000b8   Data           4  variable.o(.data)
    Setspeed_M1                              0x200000bc   Data           4  variable.o(.data)
    Setspeed_M2                              0x200000c0   Data           4  variable.o(.data)
    Setspeed_B1                              0x200000c4   Data           4  variable.o(.data)
    Setspeed_B2                              0x200000c8   Data           4  variable.o(.data)
    F1_Motordata                             0x200000cc   Data           4  variable.o(.data)
    F2_Motordata                             0x200000d0   Data           4  variable.o(.data)
    M1_Motordata                             0x200000d4   Data           4  variable.o(.data)
    M2_Motordata                             0x200000d8   Data           4  variable.o(.data)
    B1_Motordata                             0x200000dc   Data           4  variable.o(.data)
    B2_Motordata                             0x200000e0   Data           4  variable.o(.data)
    Demo_Flag                                0x200000e4   Data           2  joystick.o(.data)
    Car_Flag                                 0x200000e6   Data           1  joystick.o(.data)
    xxsw                                     0x200000f7   Data           1  ybcar_can.o(.data)
    pwm_Flag                                 0x200000fc   Data           4  rudderdesk.o(.data)
    __stdout                                 0x20000100   Data           4  stdout.o(.data)
    hcan1                                    0x20000104   Data          40  can.o(.bss)
    hcan2                                    0x2000012c   Data          40  can.o(.bss)
    htim1                                    0x20000154   Data          72  tim.o(.bss)
    htim2                                    0x2000019c   Data          72  tim.o(.bss)
    htim3                                    0x200001e4   Data          72  tim.o(.bss)
    htim4                                    0x2000022c   Data          72  tim.o(.bss)
    htim12                                   0x20000274   Data          72  tim.o(.bss)
    usart1SendRingBuf                        0x200002bc   Data          12  usart.o(.bss)
    usart1RecvRingBuf                        0x200002c8   Data          12  usart.o(.bss)
    usart6                                   0x200002d4   Data          12  usart.o(.bss)
    usart1SendBuf                            0x200002e0   Data         501  usart.o(.bss)
    usart1RecvBuf                            0x200004d5   Data         501  usart.o(.bss)
    huart7                                   0x200006cc   Data          72  usart.o(.bss)
    huart8                                   0x20000714   Data          72  usart.o(.bss)
    huart6                                   0x2000075c   Data          72  usart.o(.bss)
    hdma_uart8_rx                            0x200007a4   Data          96  usart.o(.bss)
    hdma_uart8_tx                            0x20000804   Data          96  usart.o(.bss)
    htim14                                   0x20000864   Data          72  stm32f4xx_hal_timebase_tim.o(.bss)
    xQueueRegistry                           0x200008ac   Data          64  queue.o(.bss)
    JoyStick_PackageData                     0x20005180   Data          20  variable.o(.bss)
    JoyStick_Data                            0x20005194   Data          22  joystick.o(.bss)
    F1_motor_pid                             0x200051ac   Data          72  ybcar_pid.o(.bss)
    F2_motor_pid                             0x200051f4   Data          72  ybcar_pid.o(.bss)
    M1_motor_pid                             0x2000523c   Data          72  ybcar_pid.o(.bss)
    M2_motor_pid                             0x20005284   Data          72  ybcar_pid.o(.bss)
    B1_motor_pid                             0x200052cc   Data          72  ybcar_pid.o(.bss)
    B2_motor_pid                             0x20005314   Data          72  ybcar_pid.o(.bss)
    Motor_measure                            0x2000535c   Data          60  ybcar_can.o(.bss)
    __initial_sp                             0x200057c8   Data           0  startup_stm32f427xx.o(STACK)



==============================================================================

Memory Map of the image

  Image Entry point : 0x080001ad

  Load Region LR_IROM1 (Base: 0x08000000, Size: 0x000080d4, Max: 0x00200000, ABSOLUTE)

    Execution Region ER_IROM1 (Exec base: 0x08000000, Load base: 0x08000000, Size: 0x00007fd0, Max: 0x00200000, ABSOLUTE)

    Exec Addr    Load Addr    Size         Type   Attr      Idx    E Section Name        Object

    0x08000000   0x08000000   0x000001ac   Data   RO            3    RESET               startup_stm32f427xx.o
    0x080001ac   0x080001ac   0x00000000   Code   RO         6198  * .ARM.Collect$$$$00000000  mc_w.l(entry.o)
    0x080001ac   0x080001ac   0x00000004   Code   RO         6506    .ARM.Collect$$$$00000001  mc_w.l(entry2.o)
    0x080001b0   0x080001b0   0x00000004   Code   RO         6509    .ARM.Collect$$$$00000004  mc_w.l(entry5.o)
    0x080001b4   0x080001b4   0x00000000   Code   RO         6511    .ARM.Collect$$$$00000008  mc_w.l(entry7b.o)
    0x080001b4   0x080001b4   0x00000000   Code   RO         6513    .ARM.Collect$$$$0000000A  mc_w.l(entry8b.o)
    0x080001b4   0x080001b4   0x00000008   Code   RO         6514    .ARM.Collect$$$$0000000B  mc_w.l(entry9a.o)
    0x080001bc   0x080001bc   0x00000004   Code   RO         6521    .ARM.Collect$$$$0000000E  mc_w.l(entry12b.o)
    0x080001c0   0x080001c0   0x00000000   Code   RO         6516    .ARM.Collect$$$$0000000F  mc_w.l(entry10a.o)
    0x080001c0   0x080001c0   0x00000000   Code   RO         6518    .ARM.Collect$$$$00000011  mc_w.l(entry11a.o)
    0x080001c0   0x080001c0   0x00000004   Code   RO         6507    .ARM.Collect$$$$00002712  mc_w.l(entry2.o)
    0x080001c4   0x080001c4   0x000000be   Code   RO         5373    .emb_text           port.o
    0x08000282   0x08000282   0x00000002   PAD
    0x08000284   0x08000284   0x00000024   Code   RO            4    .text               startup_stm32f427xx.o
    0x080002a8   0x080002a8   0x00000062   Code   RO         6201    .text               mc_w.l(uldiv.o)
    0x0800030a   0x0800030a   0x00000024   Code   RO         6203    .text               mc_w.l(memcpya.o)
    0x0800032e   0x0800032e   0x00000024   Code   RO         6207    .text               mc_w.l(memseta.o)
    0x08000352   0x08000352   0x000000de   Code   RO         6500    .text               mf_w.l(ddiv.o)
    0x08000430   0x08000430   0x00000022   Code   RO         6502    .text               mf_w.l(dflti.o)
    0x08000452   0x08000452   0x00000038   Code   RO         6504    .text               mf_w.l(d2f.o)
    0x0800048a   0x0800048a   0x0000002c   Code   RO         6523    .text               mc_w.l(uidiv.o)
    0x080004b6   0x080004b6   0x0000001e   Code   RO         6525    .text               mc_w.l(llshl.o)
    0x080004d4   0x080004d4   0x00000020   Code   RO         6527    .text               mc_w.l(llushr.o)
    0x080004f4   0x080004f4   0x00000000   Code   RO         6531    .text               mc_w.l(iusefp.o)
    0x080004f4   0x080004f4   0x0000006e   Code   RO         6532    .text               mf_w.l(fepilogue.o)
    0x08000562   0x08000562   0x000000ba   Code   RO         6534    .text               mf_w.l(depilogue.o)
    0x0800061c   0x0800061c   0x00000024   Code   RO         6544    .text               mc_w.l(init.o)
    0x08000640   0x08000640   0x00000004   Code   RO          536    i.BusFault_Handler  stm32f4xx_it.o
    0x08000644   0x08000644   0x00000010   Code   RO          537    i.CAN1_RX0_IRQHandler  stm32f4xx_it.o
    0x08000654   0x08000654   0x00000010   Code   RO          538    i.CAN2_RX0_IRQHandler  stm32f4xx_it.o
    0x08000664   0x08000664   0x00000050   Code   RO         6027    i.CAN_cmd_Backend   ybcar_can.o
    0x080006b4   0x080006b4   0x00000054   Code   RO         6028    i.CAN_cmd_Frontend  ybcar_can.o
    0x08000708   0x08000708   0x0000005c   Code   RO         6029    i.Can_filter_Init   ybcar_can.o
    0x08000764   0x08000764   0x00000058   Code   RO          266    i.Car_Init_Task     freertos.o
    0x080007bc   0x080007bc   0x00000010   Code   RO          539    i.DMA1_Stream0_IRQHandler  stm32f4xx_it.o
    0x080007cc   0x080007cc   0x00000010   Code   RO          540    i.DMA1_Stream6_IRQHandler  stm32f4xx_it.o
    0x080007dc   0x080007dc   0x00000034   Code   RO         2508    i.DMA_CalcBaseAndBitshift  stm32f4xx_hal_dma.o
    0x08000810   0x08000810   0x000000aa   Code   RO         2509    i.DMA_CheckFifoParam  stm32f4xx_hal_dma.o
    0x080008ba   0x080008ba   0x0000002c   Code   RO         2510    i.DMA_SetConfig     stm32f4xx_hal_dma.o
    0x080008e6   0x080008e6   0x00000002   Code   RO          541    i.DebugMon_Handler  stm32f4xx_it.o
    0x080008e8   0x080008e8   0x00000108   Code   RO         5913    i.Demo_Work         joystick.o
    0x080009f0   0x080009f0   0x00000006   Code   RO           13    i.Error_Handler     main.o
    0x080009f6   0x080009f6   0x00000032   Code   RO         5516    i.FSUS_CalcChecksum  fashion_star_uart_servo.o
    0x08000a28   0x08000a28   0x0000003a   Code   RO         5519    i.FSUS_Package2RingBuffer  fashion_star_uart_servo.o
    0x08000a62   0x08000a62   0x00000002   PAD
    0x08000a64   0x08000a64   0x0000007c   Code   RO         5521    i.FSUS_QueryServoAngle  fashion_star_uart_servo.o
    0x08000ae0   0x08000ae0   0x0000008c   Code   RO         5522    i.FSUS_QueryServoAngleMTurn  fashion_star_uart_servo.o
    0x08000b6c   0x08000b6c   0x00000138   Code   RO         5524    i.FSUS_RecvPackage  fashion_star_uart_servo.o
    0x08000ca4   0x08000ca4   0x0000003e   Code   RO         5527    i.FSUS_SendPackage  fashion_star_uart_servo.o
    0x08000ce2   0x08000ce2   0x00000002   PAD
    0x08000ce4   0x08000ce4   0x000000c0   Code   RO         5530    i.FSUS_SetServoAngle  fashion_star_uart_servo.o
    0x08000da4   0x08000da4   0x0000006a   Code   RO         5536    i.FSUS_Wait         fashion_star_uart_servo.o
    0x08000e0e   0x08000e0e   0x00000002   PAD
    0x08000e10   0x08000e10   0x000000b8   Code   RO         5914    i.FashionStar_Work  joystick.o
    0x08000ec8   0x08000ec8   0x0000003c   Code   RO          267    i.Free_Task         freertos.o
    0x08000f04   0x08000f04   0x00000018   Code   RO         6030    i.Get_motor_measure_point  ybcar_can.o
    0x08000f1c   0x08000f1c   0x0000002a   Code   RO         1714    i.HAL_CAN_ActivateNotification  stm32f4xx_hal_can.o
    0x08000f46   0x08000f46   0x0000014a   Code   RO         1715    i.HAL_CAN_AddTxMessage  stm32f4xx_hal_can.o
    0x08001090   0x08001090   0x00000124   Code   RO         1716    i.HAL_CAN_ConfigFilter  stm32f4xx_hal_can.o
    0x080011b4   0x080011b4   0x00000002   Code   RO         1719    i.HAL_CAN_ErrorCallback  stm32f4xx_hal_can.o
    0x080011b6   0x080011b6   0x00000194   Code   RO         1722    i.HAL_CAN_GetRxMessage  stm32f4xx_hal_can.o
    0x0800134a   0x0800134a   0x0000024e   Code   RO         1726    i.HAL_CAN_IRQHandler  stm32f4xx_hal_can.o
    0x08001598   0x08001598   0x00000174   Code   RO         1727    i.HAL_CAN_Init      stm32f4xx_hal_can.o
    0x0800170c   0x0800170c   0x00000160   Code   RO          319    i.HAL_CAN_MspInit   can.o
    0x0800186c   0x0800186c   0x00000002   Code   RO         1734    i.HAL_CAN_RxFifo0FullCallback  stm32f4xx_hal_can.o
    0x0800186e   0x0800186e   0x00000002   PAD
    0x08001870   0x08001870   0x000000e4   Code   RO         6031    i.HAL_CAN_RxFifo0MsgPendingCallback  ybcar_can.o
    0x08001954   0x08001954   0x00000002   Code   RO         1736    i.HAL_CAN_RxFifo1FullCallback  stm32f4xx_hal_can.o
    0x08001956   0x08001956   0x00000002   Code   RO         1737    i.HAL_CAN_RxFifo1MsgPendingCallback  stm32f4xx_hal_can.o
    0x08001958   0x08001958   0x00000002   Code   RO         1738    i.HAL_CAN_SleepCallback  stm32f4xx_hal_can.o
    0x0800195a   0x0800195a   0x0000005e   Code   RO         1739    i.HAL_CAN_Start     stm32f4xx_hal_can.o
    0x080019b8   0x080019b8   0x00000002   Code   RO         1741    i.HAL_CAN_TxMailbox0AbortCallback  stm32f4xx_hal_can.o
    0x080019ba   0x080019ba   0x00000002   Code   RO         1742    i.HAL_CAN_TxMailbox0CompleteCallback  stm32f4xx_hal_can.o
    0x080019bc   0x080019bc   0x00000002   Code   RO         1743    i.HAL_CAN_TxMailbox1AbortCallback  stm32f4xx_hal_can.o
    0x080019be   0x080019be   0x00000002   Code   RO         1744    i.HAL_CAN_TxMailbox1CompleteCallback  stm32f4xx_hal_can.o
    0x080019c0   0x080019c0   0x00000002   Code   RO         1745    i.HAL_CAN_TxMailbox2AbortCallback  stm32f4xx_hal_can.o
    0x080019c2   0x080019c2   0x00000002   Code   RO         1746    i.HAL_CAN_TxMailbox2CompleteCallback  stm32f4xx_hal_can.o
    0x080019c4   0x080019c4   0x00000002   Code   RO         1748    i.HAL_CAN_WakeUpFromRxMsgCallback  stm32f4xx_hal_can.o
    0x080019c6   0x080019c6   0x000000ac   Code   RO         2511    i.HAL_DMA_Abort     stm32f4xx_hal_dma.o
    0x08001a72   0x08001a72   0x00000028   Code   RO         2512    i.HAL_DMA_Abort_IT  stm32f4xx_hal_dma.o
    0x08001a9a   0x08001a9a   0x00000002   PAD
    0x08001a9c   0x08001a9c   0x00000240   Code   RO         2516    i.HAL_DMA_IRQHandler  stm32f4xx_hal_dma.o
    0x08001cdc   0x08001cdc   0x000000ec   Code   RO         2517    i.HAL_DMA_Init      stm32f4xx_hal_dma.o
    0x08001dc8   0x08001dc8   0x00000092   Code   RO         2521    i.HAL_DMA_Start_IT  stm32f4xx_hal_dma.o
    0x08001e5a   0x08001e5a   0x00000002   PAD
    0x08001e5c   0x08001e5c   0x00000210   Code   RO         2404    i.HAL_GPIO_Init     stm32f4xx_hal_gpio.o
    0x0800206c   0x0800206c   0x0000000c   Code   RO         2408    i.HAL_GPIO_WritePin  stm32f4xx_hal_gpio.o
    0x08002078   0x08002078   0x0000000c   Code   RO         2979    i.HAL_GetTick       stm32f4xx_hal.o
    0x08002084   0x08002084   0x00000018   Code   RO         2985    i.HAL_IncTick       stm32f4xx_hal.o
    0x0800209c   0x0800209c   0x0000003c   Code   RO         2986    i.HAL_Init          stm32f4xx_hal.o
    0x080020d8   0x080020d8   0x000000b4   Code   RO          690    i.HAL_InitTick      stm32f4xx_hal_timebase_tim.o
    0x0800218c   0x0800218c   0x00000064   Code   RO          666    i.HAL_MspInit       stm32f4xx_hal_msp.o
    0x080021f0   0x080021f0   0x00000028   Code   RO         2814    i.HAL_NVIC_EnableIRQ  stm32f4xx_hal_cortex.o
    0x08002218   0x08002218   0x0000007c   Code   RO         2820    i.HAL_NVIC_SetPriority  stm32f4xx_hal_cortex.o
    0x08002294   0x08002294   0x00000028   Code   RO         2821    i.HAL_NVIC_SetPriorityGrouping  stm32f4xx_hal_cortex.o
    0x080022bc   0x080022bc   0x00000184   Code   RO         1948    i.HAL_RCC_ClockConfig  stm32f4xx_hal_rcc.o
    0x08002440   0x08002440   0x00000044   Code   RO         1952    i.HAL_RCC_GetClockConfig  stm32f4xx_hal_rcc.o
    0x08002484   0x08002484   0x0000000c   Code   RO         1953    i.HAL_RCC_GetHCLKFreq  stm32f4xx_hal_rcc.o
    0x08002490   0x08002490   0x00000020   Code   RO         1955    i.HAL_RCC_GetPCLK1Freq  stm32f4xx_hal_rcc.o
    0x080024b0   0x080024b0   0x00000020   Code   RO         1956    i.HAL_RCC_GetPCLK2Freq  stm32f4xx_hal_rcc.o
    0x080024d0   0x080024d0   0x000000b0   Code   RO         1957    i.HAL_RCC_GetSysClockFreq  stm32f4xx_hal_rcc.o
    0x08002580   0x08002580   0x0000049c   Code   RO         1960    i.HAL_RCC_OscConfig  stm32f4xx_hal_rcc.o
    0x08002a1c   0x08002a1c   0x00000002   Code   RO         1446    i.HAL_TIMEx_BreakCallback  stm32f4xx_hal_tim_ex.o
    0x08002a1e   0x08002a1e   0x00000002   Code   RO         1447    i.HAL_TIMEx_CommutCallback  stm32f4xx_hal_tim_ex.o
    0x08002a20   0x08002a20   0x000000b4   Code   RO         1465    i.HAL_TIMEx_MasterConfigSynchronization  stm32f4xx_hal_tim_ex.o
    0x08002ad4   0x08002ad4   0x00000066   Code   RO          731    i.HAL_TIM_Base_Init  stm32f4xx_hal_tim.o
    0x08002b3a   0x08002b3a   0x00000002   PAD
    0x08002b3c   0x08002b3c   0x000000cc   Code   RO          392    i.HAL_TIM_Base_MspInit  tim.o
    0x08002c08   0x08002c08   0x000000a8   Code   RO          736    i.HAL_TIM_Base_Start_IT  stm32f4xx_hal_tim.o
    0x08002cb0   0x08002cb0   0x0000003e   Code   RO          739    i.HAL_TIM_Base_Stop_IT  stm32f4xx_hal_tim.o
    0x08002cee   0x08002cee   0x0000010c   Code   RO          740    i.HAL_TIM_ConfigClockSource  stm32f4xx_hal_tim.o
    0x08002dfa   0x08002dfa   0x00000002   Code   RO          765    i.HAL_TIM_IC_CaptureCallback  stm32f4xx_hal_tim.o
    0x08002dfc   0x08002dfc   0x0000016c   Code   RO          779    i.HAL_TIM_IRQHandler  stm32f4xx_hal_tim.o
    0x08002f68   0x08002f68   0x000000ac   Code   RO          393    i.HAL_TIM_MspPostInit  tim.o
    0x08003014   0x08003014   0x00000002   Code   RO          782    i.HAL_TIM_OC_DelayElapsedCallback  stm32f4xx_hal_tim.o
    0x08003016   0x08003016   0x00000104   Code   RO          803    i.HAL_TIM_PWM_ConfigChannel  stm32f4xx_hal_tim.o
    0x0800311a   0x0800311a   0x00000066   Code   RO          806    i.HAL_TIM_PWM_Init  stm32f4xx_hal_tim.o
    0x08003180   0x08003180   0x00000070   Code   RO          395    i.HAL_TIM_PWM_MspInit  tim.o
    0x080031f0   0x080031f0   0x00000002   Code   RO          809    i.HAL_TIM_PWM_PulseFinishedCallback  stm32f4xx_hal_tim.o
    0x080031f2   0x080031f2   0x00000002   PAD
    0x080031f4   0x080031f4   0x0000010c   Code   RO          811    i.HAL_TIM_PWM_Start  stm32f4xx_hal_tim.o
    0x08003300   0x08003300   0x000001f8   Code   RO           14    i.HAL_TIM_PeriodElapsedCallback  main.o
    0x080034f8   0x080034f8   0x00000002   Code   RO          822    i.HAL_TIM_TriggerCallback  stm32f4xx_hal_tim.o
    0x080034fa   0x080034fa   0x00000072   Code   RO         3244    i.HAL_UARTEx_ReceiveToIdle_DMA  stm32f4xx_hal_uart.o
    0x0800356c   0x0800356c   0x00000002   Code   RO         3246    i.HAL_UARTEx_RxEventCallback  stm32f4xx_hal_uart.o
    0x0800356e   0x0800356e   0x00000002   Code   RO         3260    i.HAL_UART_ErrorCallback  stm32f4xx_hal_uart.o
    0x08003570   0x08003570   0x000002e8   Code   RO         3263    i.HAL_UART_IRQHandler  stm32f4xx_hal_uart.o
    0x08003858   0x08003858   0x00000076   Code   RO         3264    i.HAL_UART_Init     stm32f4xx_hal_uart.o
    0x080038ce   0x080038ce   0x00000002   PAD
    0x080038d0   0x080038d0   0x00000240   Code   RO          476    i.HAL_UART_MspInit  usart.o
    0x08003b10   0x08003b10   0x00000002   Code   RO         3270    i.HAL_UART_RxCpltCallback  stm32f4xx_hal_uart.o
    0x08003b12   0x08003b12   0x00000002   Code   RO         3271    i.HAL_UART_RxHalfCpltCallback  stm32f4xx_hal_uart.o
    0x08003b14   0x08003b14   0x000000be   Code   RO         3272    i.HAL_UART_Transmit  stm32f4xx_hal_uart.o
    0x08003bd2   0x08003bd2   0x00000038   Code   RO         3274    i.HAL_UART_Transmit_IT  stm32f4xx_hal_uart.o
    0x08003c0a   0x08003c0a   0x00000002   Code   RO         3275    i.HAL_UART_TxCpltCallback  stm32f4xx_hal_uart.o
    0x08003c0c   0x08003c0c   0x00000038   Code   RO         6086    i.Handoff_Front_Back_Model  rudderdesk.o
    0x08003c44   0x08003c44   0x00000038   Code   RO         6087    i.Handoff_Left_Avertence_Model  rudderdesk.o
    0x08003c7c   0x08003c7c   0x00000048   Code   RO         6088    i.Handoff_Left_CircleAround_Model  rudderdesk.o
    0x08003cc4   0x08003cc4   0x00000044   Code   RO         6089    i.Handoff_Little_Left_HandBend  rudderdesk.o
    0x08003d08   0x08003d08   0x00000044   Code   RO         6090    i.Handoff_Little_Right_HandBend  rudderdesk.o
    0x08003d4c   0x08003d4c   0x00000038   Code   RO         6091    i.Handoff_Right_Avertence_Model  rudderdesk.o
    0x08003d84   0x08003d84   0x00000038   Code   RO         6093    i.Handoff_Right_Left_Model  rudderdesk.o
    0x08003dbc   0x08003dbc   0x00000040   Code   RO         6094    i.Handoff_Sharp_Left_HandBend  rudderdesk.o
    0x08003dfc   0x08003dfc   0x00000040   Code   RO         6095    i.Handoff_Sharp_Right_HandBend  rudderdesk.o
    0x08003e3c   0x08003e3c   0x00000004   Code   RO          542    i.HardFault_Handler  stm32f4xx_it.o
    0x08003e40   0x08003e40   0x00000044   Code   RO          320    i.MX_CAN1_Init      can.o
    0x08003e84   0x08003e84   0x00000044   Code   RO          321    i.MX_CAN2_Init      can.o
    0x08003ec8   0x08003ec8   0x00000048   Code   RO          367    i.MX_DMA_Init       dma.o
    0x08003f10   0x08003f10   0x00000038   Code   RO          268    i.MX_FREERTOS_Init  freertos.o
    0x08003f48   0x08003f48   0x00000174   Code   RO          242    i.MX_GPIO_Init      gpio.o
    0x080040bc   0x080040bc   0x00000050   Code   RO          396    i.MX_TIM12_Init     tim.o
    0x0800410c   0x0800410c   0x00000070   Code   RO          397    i.MX_TIM1_Init      tim.o
    0x0800417c   0x0800417c   0x0000009c   Code   RO          398    i.MX_TIM2_Init      tim.o
    0x08004218   0x08004218   0x0000006c   Code   RO          399    i.MX_TIM3_Init      tim.o
    0x08004284   0x08004284   0x000000a0   Code   RO          400    i.MX_TIM4_Init      tim.o
    0x08004324   0x08004324   0x00000038   Code   RO          477    i.MX_UART7_Init     usart.o
    0x0800435c   0x0800435c   0x00000038   Code   RO          478    i.MX_UART8_Init     usart.o
    0x08004394   0x08004394   0x00000074   Code   RO          479    i.MX_USART6_UART_Init  usart.o
    0x08004408   0x08004408   0x00000004   Code   RO          543    i.MemManage_Handler  stm32f4xx_it.o
    0x0800440c   0x0800440c   0x00000118   Code   RO         6032    i.Motor_Init        ybcar_can.o
    0x08004524   0x08004524   0x00000004   Code   RO          544    i.NMI_Handler       stm32f4xx_it.o
    0x08004528   0x08004528   0x00000064   Code   RO         5986    i.PID_Init          ybcar_pid.o
    0x0800458c   0x0800458c   0x000001f0   Code   RO         5987    i.PID_Proc          ybcar_pid.o
    0x0800477c   0x0800477c   0x00000080   Code   RO         5915    i.PS2_DataKey       joystick.o
    0x080047fc   0x080047fc   0x000003c8   Code   RO         5916    i.PS2_Start         joystick.o
    0x08004bc4   0x08004bc4   0x00000002   Code   RO          545    i.RCC_IRQHandler    stm32f4xx_it.o
    0x08004bc6   0x08004bc6   0x00000002   PAD
    0x08004bc8   0x08004bc8   0x0000015c   Code   RO         6096    i.RD_Work           rudderdesk.o
    0x08004d24   0x08004d24   0x00000018   Code   RO         5707    i.RingBuffer_GetByteFree  ring_buffer.o
    0x08004d3c   0x08004d3c   0x0000002a   Code   RO         5708    i.RingBuffer_GetByteUsed  ring_buffer.o
    0x08004d66   0x08004d66   0x0000000a   Code   RO         5709    i.RingBuffer_GetCapacity  ring_buffer.o
    0x08004d70   0x08004d70   0x00000028   Code   RO         5710    i.RingBuffer_GetChecksum  ring_buffer.o
    0x08004d98   0x08004d98   0x0000002c   Code   RO         5711    i.RingBuffer_GetValueByIndex  ring_buffer.o
    0x08004dc4   0x08004dc4   0x00000026   Code   RO         5712    i.RingBuffer_Init   ring_buffer.o
    0x08004dea   0x08004dea   0x0000001e   Code   RO         5713    i.RingBuffer_IsEmpty  ring_buffer.o
    0x08004e08   0x08004e08   0x00000014   Code   RO         5714    i.RingBuffer_IsFull  ring_buffer.o
    0x08004e1c   0x08004e1c   0x00000032   Code   RO         5715    i.RingBuffer_Pop    ring_buffer.o
    0x08004e4e   0x08004e4e   0x0000002c   Code   RO         5716    i.RingBuffer_Push   ring_buffer.o
    0x08004e7a   0x08004e7a   0x0000000c   Code   RO         5717    i.RingBuffer_ReadByte  ring_buffer.o
    0x08004e86   0x08004e86   0x00000010   Code   RO         5725    i.RingBuffer_WriteByte  ring_buffer.o
    0x08004e96   0x08004e96   0x0000001e   Code   RO         5726    i.RingBuffer_WriteByteArray  ring_buffer.o
    0x08004eb4   0x08004eb4   0x00000012   Code   RO         5729    i.RingBuffer_WriteShort  ring_buffer.o
    0x08004ec6   0x08004ec6   0x00000012   Code   RO         5731    i.RingBuffer_WriteUShort  ring_buffer.o
    0x08004ed8   0x08004ed8   0x00000048   Code   RO         6098    i.RudderDesk_On     rudderdesk.o
    0x08004f20   0x08004f20   0x0000003c   Code   RO         6100    i.RudderDesk_ResetOn  rudderdesk.o
    0x08004f5c   0x08004f5c   0x00000016   Code   RO         4788    i.SysTick_Handler   cmsis_os2.o
    0x08004f72   0x08004f72   0x00000002   PAD
    0x08004f74   0x08004f74   0x000000b4   Code   RO           15    i.SystemClock_Config  main.o
    0x08005028   0x08005028   0x00000014   Code   RO         3608    i.SystemInit        system_stm32f4xx.o
    0x0800503c   0x0800503c   0x00000010   Code   RO          546    i.TIM1_UP_TIM10_IRQHandler  stm32f4xx_it.o
    0x0800504c   0x0800504c   0x00000010   Code   RO          547    i.TIM3_IRQHandler   stm32f4xx_it.o
    0x0800505c   0x0800505c   0x00000010   Code   RO          548    i.TIM4_IRQHandler   stm32f4xx_it.o
    0x0800506c   0x0800506c   0x00000010   Code   RO          549    i.TIM8_BRK_TIM12_IRQHandler  stm32f4xx_it.o
    0x0800507c   0x0800507c   0x00000010   Code   RO          550    i.TIM8_TRG_COM_TIM14_IRQHandler  stm32f4xx_it.o
    0x0800508c   0x0800508c   0x000000e8   Code   RO          824    i.TIM_Base_SetConfig  stm32f4xx_hal_tim.o
    0x08005174   0x08005174   0x00000022   Code   RO          825    i.TIM_CCxChannelCmd  stm32f4xx_hal_tim.o
    0x08005196   0x08005196   0x00000016   Code   RO          835    i.TIM_ETR_SetConfig  stm32f4xx_hal_tim.o
    0x080051ac   0x080051ac   0x00000012   Code   RO          836    i.TIM_ITRx_SetConfig  stm32f4xx_hal_tim.o
    0x080051be   0x080051be   0x00000002   PAD
    0x080051c0   0x080051c0   0x00000070   Code   RO          837    i.TIM_OC1_SetConfig  stm32f4xx_hal_tim.o
    0x08005230   0x08005230   0x0000007c   Code   RO          838    i.TIM_OC2_SetConfig  stm32f4xx_hal_tim.o
    0x080052ac   0x080052ac   0x00000078   Code   RO          839    i.TIM_OC3_SetConfig  stm32f4xx_hal_tim.o
    0x08005324   0x08005324   0x00000054   Code   RO          840    i.TIM_OC4_SetConfig  stm32f4xx_hal_tim.o
    0x08005378   0x08005378   0x00000026   Code   RO          842    i.TIM_TI1_ConfigInputStage  stm32f4xx_hal_tim.o
    0x0800539e   0x0800539e   0x00000028   Code   RO          844    i.TIM_TI2_ConfigInputStage  stm32f4xx_hal_tim.o
    0x080053c6   0x080053c6   0x00000002   PAD
    0x080053c8   0x080053c8   0x00000018   Code   RO         5453    i.Tick_CountdownBegin  tick.o
    0x080053e0   0x080053e0   0x00000018   Code   RO         5454    i.Tick_CountdownCancel  tick.o
    0x080053f8   0x080053f8   0x00000014   Code   RO         5455    i.Tick_CountdownIsTimeout  tick.o
    0x0800540c   0x0800540c   0x00000014   Code   RO         5456    i.Tick_DelayMs      tick.o
    0x08005420   0x08005420   0x00000024   Code   RO         5458    i.Tick_Wait         tick.o
    0x08005444   0x08005444   0x00000010   Code   RO          551    i.UART7_IRQHandler  stm32f4xx_it.o
    0x08005454   0x08005454   0x00000010   Code   RO          552    i.UART8_IRQHandler  stm32f4xx_it.o
    0x08005464   0x08005464   0x00000014   Code   RO         3277    i.UART_DMAAbortOnError  stm32f4xx_hal_uart.o
    0x08005478   0x08005478   0x00000050   Code   RO         3278    i.UART_DMAError     stm32f4xx_hal_uart.o
    0x080054c8   0x080054c8   0x000000b4   Code   RO         3279    i.UART_DMAReceiveCplt  stm32f4xx_hal_uart.o
    0x0800557c   0x0800557c   0x00000024   Code   RO         3281    i.UART_DMARxHalfCplt  stm32f4xx_hal_uart.o
    0x080055a0   0x080055a0   0x0000006c   Code   RO         3287    i.UART_EndRxTransfer  stm32f4xx_hal_uart.o
    0x0800560c   0x0800560c   0x00000020   Code   RO         3288    i.UART_EndTransmit_IT  stm32f4xx_hal_uart.o
    0x0800562c   0x0800562c   0x00000026   Code   RO         3289    i.UART_EndTxTransfer  stm32f4xx_hal_uart.o
    0x08005652   0x08005652   0x000000fc   Code   RO         3290    i.UART_Receive_IT   stm32f4xx_hal_uart.o
    0x0800574e   0x0800574e   0x00000002   PAD
    0x08005750   0x08005750   0x0000022c   Code   RO         3291    i.UART_SetConfig    stm32f4xx_hal_uart.o
    0x0800597c   0x0800597c   0x000000c8   Code   RO         3292    i.UART_Start_Receive_DMA  stm32f4xx_hal_uart.o
    0x08005a44   0x08005a44   0x00000060   Code   RO         3294    i.UART_Transmit_IT  stm32f4xx_hal_uart.o
    0x08005aa4   0x08005aa4   0x0000008c   Code   RO         3295    i.UART_WaitOnFlagUntilTimeout  stm32f4xx_hal_uart.o
    0x08005b30   0x08005b30   0x00000004   Code   RO          553    i.UsageFault_Handler  stm32f4xx_it.o
    0x08005b34   0x08005b34   0x00000028   Code   RO          480    i.Usart_SendAll     usart.o
    0x08005b5c   0x08005b5c   0x000000e8   Code   RO         5918    i.Wheel_Velocity_Change  joystick.o
    0x08005c44   0x08005c44   0x00000020   Code   RO         6256    i.__0printf$1       mc_w.l(printf1.o)
    0x08005c64   0x08005c64   0x00000010   Code   RO         2827    i.__NVIC_GetPriorityGrouping  stm32f4xx_hal_cortex.o
    0x08005c74   0x08005c74   0x00000028   Code   RO         2828    i.__NVIC_SetPriority  stm32f4xx_hal_cortex.o
    0x08005c9c   0x08005c9c   0x00000006   Code   RO         4790    i.__get_IPSR        cmsis_os2.o
    0x08005ca2   0x08005ca2   0x0000000e   Code   RO         6550    i.__scatterload_copy  mc_w.l(handlers.o)
    0x08005cb0   0x08005cb0   0x00000002   Code   RO         6551    i.__scatterload_null  mc_w.l(handlers.o)
    0x08005cb2   0x08005cb2   0x0000000e   Code   RO         6552    i.__scatterload_zeroinit  mc_w.l(handlers.o)
    0x08005cc0   0x08005cc0   0x00000154   Code   RO         6263    i._printf_core      mc_w.l(printf1.o)
    0x08005e14   0x08005e14   0x0000001c   Code   RO           16    i.fputc             main.o
    0x08005e30   0x08005e30   0x00000048   Code   RO           17    i.main              main.o
    0x08005e78   0x08005e78   0x0000001e   Code   RO         4791    i.osDelay           cmsis_os2.o
    0x08005e96   0x08005e96   0x00000002   PAD
    0x08005e98   0x08005e98   0x0000002c   Code   RO         4805    i.osKernelInitialize  cmsis_os2.o
    0x08005ec4   0x08005ec4   0x00000060   Code   RO         4808    i.osKernelStart     cmsis_os2.o
    0x08005f24   0x08005f24   0x000000b8   Code   RO         4850    i.osThreadNew       cmsis_os2.o
    0x08005fdc   0x08005fdc   0x0000007c   Code   RO         4225    i.prvAddCurrentTaskToDelayedList  tasks.o
    0x08006058   0x08006058   0x000000b8   Code   RO         4226    i.prvAddNewTaskToReadyList  tasks.o
    0x08006110   0x08006110   0x00000074   Code   RO         4601    i.prvCheckForValidListAndQueue  timers.o
    0x08006184   0x08006184   0x00000048   Code   RO         4227    i.prvCheckTasksWaitingTermination  tasks.o
    0x080061cc   0x080061cc   0x0000002a   Code   RO         3812    i.prvCopyDataFromQueue  queue.o
    0x080061f6   0x080061f6   0x0000007e   Code   RO         3813    i.prvCopyDataToQueue  queue.o
    0x08006274   0x08006274   0x00000050   Code   RO         4228    i.prvDeleteTCB      tasks.o
    0x080062c4   0x080062c4   0x00000028   Code   RO         4602    i.prvGetNextExpireTime  timers.o
    0x080062ec   0x080062ec   0x0000007c   Code   RO         5318    i.prvHeapInit       heap_4.o
    0x08006368   0x08006368   0x00000028   Code   RO         4229    i.prvIdleTask       tasks.o
    0x08006390   0x08006390   0x0000002a   Code   RO         3816    i.prvInitialiseNewQueue  queue.o
    0x080063ba   0x080063ba   0x000000be   Code   RO         4230    i.prvInitialiseNewTask  tasks.o
    0x08006478   0x08006478   0x00000068   Code   RO         4231    i.prvInitialiseTaskLists  tasks.o
    0x080064e0   0x080064e0   0x00000068   Code   RO         5319    i.prvInsertBlockIntoFreeList  heap_4.o
    0x08006548   0x08006548   0x00000058   Code   RO         4604    i.prvInsertTimerInActiveList  timers.o
    0x080065a0   0x080065a0   0x0000001a   Code   RO         3817    i.prvIsQueueEmpty   queue.o
    0x080065ba   0x080065ba   0x0000001e   Code   RO         3818    i.prvIsQueueFull    queue.o
    0x080065d8   0x080065d8   0x00000074   Code   RO         4605    i.prvProcessExpiredTimer  timers.o
    0x0800664c   0x0800664c   0x00000164   Code   RO         4606    i.prvProcessReceivedCommands  timers.o
    0x080067b0   0x080067b0   0x00000074   Code   RO         4607    i.prvProcessTimerOrBlockTask  timers.o
    0x08006824   0x08006824   0x00000034   Code   RO         4233    i.prvResetNextTaskUnblockTime  tasks.o
    0x08006858   0x08006858   0x0000002c   Code   RO         4608    i.prvSampleTimeNow  timers.o
    0x08006884   0x08006884   0x000000a4   Code   RO         4609    i.prvSwitchTimerLists  timers.o
    0x08006928   0x08006928   0x00000040   Code   RO         5374    i.prvTaskExitError  port.o
    0x08006968   0x08006968   0x0000001a   Code   RO         4610    i.prvTimerTask      timers.o
    0x08006982   0x08006982   0x0000007e   Code   RO         3819    i.prvUnlockQueue    queue.o
    0x08006a00   0x08006a00   0x0000014c   Code   RO         5320    i.pvPortMalloc      heap_4.o
    0x08006b4c   0x08006b4c   0x0000002c   Code   RO         5375    i.pxPortInitialiseStack  port.o
    0x08006b78   0x08006b78   0x00000028   Code   RO         3772    i.uxListRemove      list.o
    0x08006ba0   0x08006ba0   0x0000000c   Code   RO         4239    i.uxTaskGetNumberOfTasks  tasks.o
    0x08006bac   0x08006bac   0x00000018   Code   RO         4862    i.vApplicationGetIdleTaskMemory  cmsis_os2.o
    0x08006bc4   0x08006bc4   0x00000018   Code   RO         4863    i.vApplicationGetTimerTaskMemory  cmsis_os2.o
    0x08006bdc   0x08006bdc   0x0000001a   Code   RO         3773    i.vListInitialise   list.o
    0x08006bf6   0x08006bf6   0x00000006   Code   RO         3774    i.vListInitialiseItem  list.o
    0x08006bfc   0x08006bfc   0x00000034   Code   RO         3775    i.vListInsert       list.o
    0x08006c30   0x08006c30   0x00000018   Code   RO         3776    i.vListInsertEnd    list.o
    0x08006c48   0x08006c48   0x00000054   Code   RO         5377    i.vPortEnterCritical  port.o
    0x08006c9c   0x08006c9c   0x0000003c   Code   RO         5378    i.vPortExitCritical  port.o
    0x08006cd8   0x08006cd8   0x000000a4   Code   RO         5321    i.vPortFree         heap_4.o
    0x08006d7c   0x08006d7c   0x00000028   Code   RO         5379    i.vPortSetupTimerInterrupt  port.o
    0x08006da4   0x08006da4   0x00000078   Code   RO         5380    i.vPortValidateInterruptPriority  port.o
    0x08006e1c   0x08006e1c   0x0000002c   Code   RO         3825    i.vQueueAddToRegistry  queue.o
    0x08006e48   0x08006e48   0x0000004a   Code   RO         3829    i.vQueueWaitForMessageRestricted  queue.o
    0x08006e92   0x08006e92   0x00000002   PAD
    0x08006e94   0x08006e94   0x0000005c   Code   RO         4246    i.vTaskDelay        tasks.o
    0x08006ef0   0x08006ef0   0x000000c8   Code   RO         4248    i.vTaskDelete       tasks.o
    0x08006fb8   0x08006fb8   0x00000018   Code   RO         4251    i.vTaskInternalSetTimeOutState  tasks.o
    0x08006fd0   0x08006fd0   0x0000000c   Code   RO         4252    i.vTaskMissedYield  tasks.o
    0x08006fdc   0x08006fdc   0x00000038   Code   RO         4254    i.vTaskPlaceOnEventList  tasks.o
    0x08007014   0x08007014   0x00000040   Code   RO         4255    i.vTaskPlaceOnEventListRestricted  tasks.o
    0x08007054   0x08007054   0x000000b8   Code   RO         4263    i.vTaskStartScheduler  tasks.o
    0x0800710c   0x0800710c   0x00000010   Code   RO         4265    i.vTaskSuspendAll   tasks.o
    0x0800711c   0x0800711c   0x00000090   Code   RO         4266    i.vTaskSwitchContext  tasks.o
    0x080071ac   0x080071ac   0x00000168   Code   RO         5381    i.xPortStartScheduler  port.o
    0x08007314   0x08007314   0x00000034   Code   RO         5382    i.xPortSysTickHandler  port.o
    0x08007348   0x08007348   0x000000e0   Code   RO         3835    i.xQueueGenericCreateStatic  queue.o
    0x08007428   0x08007428   0x00000098   Code   RO         3836    i.xQueueGenericReset  queue.o
    0x080074c0   0x080074c0   0x000001a8   Code   RO         3837    i.xQueueGenericSend  queue.o
    0x08007668   0x08007668   0x000000fc   Code   RO         3838    i.xQueueGenericSendFromISR  queue.o
    0x08007764   0x08007764   0x00000168   Code   RO         3847    i.xQueueReceive     queue.o
    0x080078cc   0x080078cc   0x0000008c   Code   RO         4268    i.xTaskCheckForTimeOut  tasks.o
    0x08007958   0x08007958   0x00000064   Code   RO         4269    i.xTaskCreate       tasks.o
    0x080079bc   0x080079bc   0x000000ba   Code   RO         4270    i.xTaskCreateStatic  tasks.o
    0x08007a76   0x08007a76   0x00000002   PAD
    0x08007a78   0x08007a78   0x00000020   Code   RO         4274    i.xTaskGetSchedulerState  tasks.o
    0x08007a98   0x08007a98   0x0000000c   Code   RO         4275    i.xTaskGetTickCount  tasks.o
    0x08007aa4   0x08007aa4   0x00000144   Code   RO         4277    i.xTaskIncrementTick  tasks.o
    0x08007be8   0x08007be8   0x000000a4   Code   RO         4280    i.xTaskPriorityDisinherit  tasks.o
    0x08007c8c   0x08007c8c   0x00000098   Code   RO         4282    i.xTaskRemoveFromEventList  tasks.o
    0x08007d24   0x08007d24   0x00000104   Code   RO         4283    i.xTaskResumeAll    tasks.o
    0x08007e28   0x08007e28   0x00000078   Code   RO         4619    i.xTimerCreateTimerTask  timers.o
    0x08007ea0   0x08007ea0   0x00000084   Code   RO         4620    i.xTimerGenericCommand  timers.o
    0x08007f24   0x08007f24   0x00000048   Data   RO          269    .constdata          freertos.o
    0x08007f6c   0x08007f6c   0x00000008   Data   RO         2523    .constdata          stm32f4xx_hal_dma.o
    0x08007f74   0x08007f74   0x00000018   Data   RO         3609    .constdata          system_stm32f4xx.o
    0x08007f8c   0x08007f8c   0x0000000c   Data   RO         6034    .constdata          ybcar_can.o
    0x08007f98   0x08007f98   0x00000018   Data   RO          270    .conststring        freertos.o
    0x08007fb0   0x08007fb0   0x00000020   Data   RO         6548    Region$$Table       anon$$obj.o


    Execution Region RW_IRAM2 (Exec base: 0x10000000, Load base: 0x080080d4, Size: 0x00000000, Max: 0x00010000, ABSOLUTE)

    **** No section assigned to this execution region ****


    Execution Region RW_IRAM1 (Exec base: 0x20000000, Load base: 0x08007fd0, Size: 0x000057c8, Max: 0x00030000, ABSOLUTE)

    Exec Addr    Load Addr    Size         Type   Attr      Idx    E Section Name        Object

    0x20000000   0x08007fd0   0x00000004   Data   RW           18    .data               main.o
    0x20000004   0x08007fd4   0x00000008   Data   RW          271    .data               freertos.o
    0x2000000c   0x08007fdc   0x00000004   Data   RW          323    .data               can.o
    0x20000010   0x08007fe0   0x00000004   Data   RW          482    .data               usart.o
    0x20000014   0x08007fe4   0x00000009   Data   RW         2993    .data               stm32f4xx_hal.o
    0x2000001d   0x08007fed   0x00000003   PAD
    0x20000020   0x08007ff0   0x00000004   Data   RW         3610    .data               system_stm32f4xx.o
    0x20000024   0x08007ff4   0x0000003c   Data   RW         4286    .data               tasks.o
    0x20000060   0x08008030   0x00000014   Data   RW         4628    .data               timers.o
    0x20000074   0x08008044   0x00000004   Data   RW         4865    .data               cmsis_os2.o
    0x20000078   0x08008048   0x00000020   Data   RW         5327    .data               heap_4.o
    0x20000098   0x08008068   0x0000000c   Data   RW         5383    .data               port.o
    0x200000a4   0x08008074   0x00000004   Data   RW         5459    .data               tick.o
    0x200000a8   0x08008078   0x0000003c   Data   RW         5879    .data               variable.o
    0x200000e4   0x080080b4   0x00000003   Data   RW         5920    .data               joystick.o
    0x200000e7   0x080080b7   0x00000012   Data   RW         6035    .data               ybcar_can.o
    0x200000f9   0x080080c9   0x00000003   PAD
    0x200000fc   0x080080cc   0x00000004   Data   RW         6101    .data               rudderdesk.o
    0x20000100   0x080080d0   0x00000004   Data   RW         6522    .data               mc_w.l(stdout.o)
    0x20000104        -       0x00000050   Zero   RW          322    .bss                can.o
    0x20000154        -       0x00000168   Zero   RW          401    .bss                tim.o
    0x200002bc        -       0x000005a8   Zero   RW          481    .bss                usart.o
    0x20000864        -       0x00000048   Zero   RW          693    .bss                stm32f4xx_hal_timebase_tim.o
    0x200008ac        -       0x00000040   Zero   RW         3851    .bss                queue.o
    0x200008ec        -       0x000004c4   Zero   RW         4285    .bss                tasks.o
    0x20000db0        -       0x00000118   Zero   RW         4627    .bss                timers.o
    0x20000ec8        -       0x000006b8   Zero   RW         4864    .bss                cmsis_os2.o
    0x20001580        -       0x00003c00   Zero   RW         5326    .bss                heap_4.o
    0x20005180        -       0x00000014   Zero   RW         5878    .bss                variable.o
    0x20005194        -       0x00000016   Zero   RW         5919    .bss                joystick.o
    0x200051aa   0x080080d4   0x00000002   PAD
    0x200051ac        -       0x000001b0   Zero   RW         5988    .bss                ybcar_pid.o
    0x2000535c        -       0x0000006c   Zero   RW         6033    .bss                ybcar_can.o
    0x200053c8        -       0x00000400   Zero   RW            1    STACK               startup_stm32f427xx.o


==============================================================================

Image component sizes


      Code (inc. data)   RO Data    RW Data    ZI Data      Debug   Object Name

       488         44          0          4         80       2418   can.o
       430         38          0          4       1720      65031   cmsis_os2.o
        72          4          0          0          0        762   dma.o
         0          0          0          0          0      19484   event_groups.o
      1044         28          0          0          0       7764   fashion_star_uart_servo.o
       204         74         96          8          0       2533   freertos.o
       372         20          0          0          0       1147   gpio.o
       724         74          0         32      15360       4855   heap_4.o
      1776        190          0          3         22       4344   joystick.o
       148          0          0          0          0       3554   list.o
       790        128          0          4          0     768448   main.o
      1014         92          0         12          0      11641   port.o
      1922         20          0          0         64      17344   queue.o
       436          0          0          0          0      10273   ring_buffer.o
      1040        278          0          4          0       6629   rudderdesk.o
        36          8        428          0       1024        832   startup_stm32f427xx.o
        96         20          0          9          0       8202   stm32f4xx_hal.o
      2148          6          0          0          0      14287   stm32f4xx_hal_can.o
       260         22          0          0          0      33546   stm32f4xx_hal_cortex.o
      1436         16          8          0          0       6990   stm32f4xx_hal_dma.o
       540         54          0          0          0       2112   stm32f4xx_hal_gpio.o
       100          6          0          0          0        858   stm32f4xx_hal_msp.o
      1888         94          0          0          0       6229   stm32f4xx_hal_rcc.o
      2426        142          0          0          0      16537   stm32f4xx_hal_tim.o
       184         30          0          0          0       2509   stm32f4xx_hal_tim_ex.o
       180         20          0          0         72       1460   stm32f4xx_hal_timebase_tim.o
      2970         28          0          0          0      17493   stm32f4xx_hal_uart.o
       200         66          0          0          0       8719   stm32f4xx_it.o
         0          0          0          0          0        424   stream_buffer.o
        20          6         24          4          0       1115   system_stm32f4xx.o
      3020        384          0         60       1220      28749   tasks.o
       124         38          0          4          0       5652   tick.o
      1104         86          0          0        360       5764   tim.o
      1318        124          0         20        280      32799   timers.o
       844         86          0          4       1448       4498   usart.o
         0          0          0         60         20       1903   variable.o
       788        120         12         18        108       4943   ybcar_can.o
       596          8          0          0        432       2878   ybcar_pid.o

    ----------------------------------------------------------------------
     30774       2354        600        256      22212    1134726   Object Totals
         0          0         32          0          0          0   (incl. Generated)
        36          0          0          6          2          0   (incl. Padding)

    ----------------------------------------------------------------------

      Code (inc. data)   RO Data    RW Data    ZI Data      Debug   Library Member Name

         0          0          0          0          0          0   entry.o
         0          0          0          0          0          0   entry10a.o
         0          0          0          0          0          0   entry11a.o
         4          0          0          0          0          0   entry12b.o
         8          4          0          0          0          0   entry2.o
         4          0          0          0          0          0   entry5.o
         0          0          0          0          0          0   entry7b.o
         0          0          0          0          0          0   entry8b.o
         8          4          0          0          0          0   entry9a.o
        30          0          0          0          0          0   handlers.o
        36          8          0          0          0         68   init.o
         0          0          0          0          0          0   iusefp.o
        30          0          0          0          0         68   llshl.o
        32          0          0          0          0         68   llushr.o
        36          0          0          0          0         68   memcpya.o
        36          0          0          0          0        108   memseta.o
       372         14          0          0          0        184   printf1.o
         0          0          0          4          0          0   stdout.o
        44          0          0          0          0         80   uidiv.o
        98          0          0          0          0         92   uldiv.o
        56          0          0          0          0         88   d2f.o
       222          0          0          0          0        100   ddiv.o
       186          0          0          0          0        176   depilogue.o
        34          0          0          0          0         76   dflti.o
       110          0          0          0          0        168   fepilogue.o

    ----------------------------------------------------------------------
      1346         30          0          4          0       1344   Library Totals
         0          0          0          0          0          0   (incl. Padding)

    ----------------------------------------------------------------------

      Code (inc. data)   RO Data    RW Data    ZI Data      Debug   Library Name

       738         30          0          4          0        736   mc_w.l
       608          0          0          0          0        608   mf_w.l

    ----------------------------------------------------------------------
      1346         30          0          4          0       1344   Library Totals

    ----------------------------------------------------------------------

==============================================================================


      Code (inc. data)   RO Data    RW Data    ZI Data      Debug   

     32120       2384        600        260      22212    1109750   Grand Totals
     32120       2384        600        260      22212    1109750   ELF Image Totals
     32120       2384        600        260          0          0   ROM Totals

==============================================================================

    Total RO  Size (Code + RO Data)                32720 (  31.95kB)
    Total RW  Size (RW Data + ZI Data)             22472 (  21.95kB)
    Total ROM Size (Code + RO Data + RW Data)      32980 (  32.21kB)

==============================================================================

